Archive member included to satisfy reference by file (symbol)

c:/programfiles/stm32cubeide_1.0.1/stm32cubeide/plugins/com.st.stm32cube.ide.mcu.externaltools.gnu-tools-for-stm32.7-2018-q2-update.win32_1.0.0.201904181610/tools/bin/../lib/gcc/arm-none-eabi/7.3.1/../../../../arm-none-eabi/lib/thumb/v7e-m/fpv4-sp/hard\libc_nano.a(lib_a-assert.o)
                              Core/Src/App/esc_coe.o (__assert_func)
c:/programfiles/stm32cubeide_1.0.1/stm32cubeide/plugins/com.st.stm32cube.ide.mcu.externaltools.gnu-tools-for-stm32.7-2018-q2-update.win32_1.0.0.201904181610/tools/bin/../lib/gcc/arm-none-eabi/7.3.1/../../../../arm-none-eabi/lib/thumb/v7e-m/fpv4-sp/hard\libc_nano.a(lib_a-errno.o)
                              Core/Src/syscalls.o (__errno)
c:/programfiles/stm32cubeide_1.0.1/stm32cubeide/plugins/com.st.stm32cube.ide.mcu.externaltools.gnu-tools-for-stm32.7-2018-q2-update.win32_1.0.0.201904181610/tools/bin/../lib/gcc/arm-none-eabi/7.3.1/../../../../arm-none-eabi/lib/thumb/v7e-m/fpv4-sp/hard\libc_nano.a(lib_a-exit.o)
                              c:/programfiles/stm32cubeide_1.0.1/stm32cubeide/plugins/com.st.stm32cube.ide.mcu.externaltools.gnu-tools-for-stm32.7-2018-q2-update.win32_1.0.0.201904181610/tools/bin/../lib/gcc/arm-none-eabi/7.3.1/../../../../arm-none-eabi/lib/thumb/v7e-m/fpv4-sp/hard/crt0.o (exit)
c:/programfiles/stm32cubeide_1.0.1/stm32cubeide/plugins/com.st.stm32cube.ide.mcu.externaltools.gnu-tools-for-stm32.7-2018-q2-update.win32_1.0.0.201904181610/tools/bin/../lib/gcc/arm-none-eabi/7.3.1/../../../../arm-none-eabi/lib/thumb/v7e-m/fpv4-sp/hard\libc_nano.a(lib_a-fprintf.o)
                              c:/programfiles/stm32cubeide_1.0.1/stm32cubeide/plugins/com.st.stm32cube.ide.mcu.externaltools.gnu-tools-for-stm32.7-2018-q2-update.win32_1.0.0.201904181610/tools/bin/../lib/gcc/arm-none-eabi/7.3.1/../../../../arm-none-eabi/lib/thumb/v7e-m/fpv4-sp/hard\libc_nano.a(lib_a-assert.o) (fiprintf)
c:/programfiles/stm32cubeide_1.0.1/stm32cubeide/plugins/com.st.stm32cube.ide.mcu.externaltools.gnu-tools-for-stm32.7-2018-q2-update.win32_1.0.0.201904181610/tools/bin/../lib/gcc/arm-none-eabi/7.3.1/../../../../arm-none-eabi/lib/thumb/v7e-m/fpv4-sp/hard\libc_nano.a(lib_a-impure.o)
                              c:/programfiles/stm32cubeide_1.0.1/stm32cubeide/plugins/com.st.stm32cube.ide.mcu.externaltools.gnu-tools-for-stm32.7-2018-q2-update.win32_1.0.0.201904181610/tools/bin/../lib/gcc/arm-none-eabi/7.3.1/../../../../arm-none-eabi/lib/thumb/v7e-m/fpv4-sp/hard\libc_nano.a(lib_a-exit.o) (_global_impure_ptr)
c:/programfiles/stm32cubeide_1.0.1/stm32cubeide/plugins/com.st.stm32cube.ide.mcu.externaltools.gnu-tools-for-stm32.7-2018-q2-update.win32_1.0.0.201904181610/tools/bin/../lib/gcc/arm-none-eabi/7.3.1/../../../../arm-none-eabi/lib/thumb/v7e-m/fpv4-sp/hard\libc_nano.a(lib_a-init.o)
                              c:/programfiles/stm32cubeide_1.0.1/stm32cubeide/plugins/com.st.stm32cube.ide.mcu.externaltools.gnu-tools-for-stm32.7-2018-q2-update.win32_1.0.0.201904181610/tools/bin/../lib/gcc/arm-none-eabi/7.3.1/../../../../arm-none-eabi/lib/thumb/v7e-m/fpv4-sp/hard/crt0.o (__libc_init_array)
c:/programfiles/stm32cubeide_1.0.1/stm32cubeide/plugins/com.st.stm32cube.ide.mcu.externaltools.gnu-tools-for-stm32.7-2018-q2-update.win32_1.0.0.201904181610/tools/bin/../lib/gcc/arm-none-eabi/7.3.1/../../../../arm-none-eabi/lib/thumb/v7e-m/fpv4-sp/hard\libc_nano.a(lib_a-memcpy-stub.o)
                              Core/Src/App/esc_coe.o (memcpy)
c:/programfiles/stm32cubeide_1.0.1/stm32cubeide/plugins/com.st.stm32cube.ide.mcu.externaltools.gnu-tools-for-stm32.7-2018-q2-update.win32_1.0.0.201904181610/tools/bin/../lib/gcc/arm-none-eabi/7.3.1/../../../../arm-none-eabi/lib/thumb/v7e-m/fpv4-sp/hard\libc_nano.a(lib_a-memset.o)
                              c:/programfiles/stm32cubeide_1.0.1/stm32cubeide/plugins/com.st.stm32cube.ide.mcu.externaltools.gnu-tools-for-stm32.7-2018-q2-update.win32_1.0.0.201904181610/tools/bin/../lib/gcc/arm-none-eabi/7.3.1/../../../../arm-none-eabi/lib/thumb/v7e-m/fpv4-sp/hard/crt0.o (memset)
c:/programfiles/stm32cubeide_1.0.1/stm32cubeide/plugins/com.st.stm32cube.ide.mcu.externaltools.gnu-tools-for-stm32.7-2018-q2-update.win32_1.0.0.201904181610/tools/bin/../lib/gcc/arm-none-eabi/7.3.1/../../../../arm-none-eabi/lib/thumb/v7e-m/fpv4-sp/hard\libc_nano.a(lib_a-nano-vfprintf.o)
                              c:/programfiles/stm32cubeide_1.0.1/stm32cubeide/plugins/com.st.stm32cube.ide.mcu.externaltools.gnu-tools-for-stm32.7-2018-q2-update.win32_1.0.0.201904181610/tools/bin/../lib/gcc/arm-none-eabi/7.3.1/../../../../arm-none-eabi/lib/thumb/v7e-m/fpv4-sp/hard\libc_nano.a(lib_a-fprintf.o) (_vfprintf_r)
c:/programfiles/stm32cubeide_1.0.1/stm32cubeide/plugins/com.st.stm32cube.ide.mcu.externaltools.gnu-tools-for-stm32.7-2018-q2-update.win32_1.0.0.201904181610/tools/bin/../lib/gcc/arm-none-eabi/7.3.1/../../../../arm-none-eabi/lib/thumb/v7e-m/fpv4-sp/hard\libc_nano.a(lib_a-nano-vfprintf_i.o)
[...]
Memory Configuration

Name             Origin             Length             Attributes
RAM              0x0000000020000000 0x00000000000a0000 xrw
FLASH            0x0000000008000000 0x0000000000200000 xr
*default*        0x0000000000000000 0xffffffffffffffff

Linker script and memory map

LOAD c:/programfiles/stm32cubeide_1.0.1/stm32cubeide/plugins/com.st.stm32cube.ide.mcu.externaltools.gnu-tools-for-stm32.7-2018-q2-update.win32_1.0.0.201904181610/tools/bin/../lib/gcc/arm-none-eabi/7.3.1/thumb/v7e-m/fpv4-sp/hard/crti.o
LOAD c:/programfiles/stm32cubeide_1.0.1/stm32cubeide/plugins/com.st.stm32cube.ide.mcu.externaltools.gnu-tools-for-stm32.7-2018-q2-update.win32_1.0.0.201904181610/tools/bin/../lib/gcc/arm-none-eabi/7.3.1/thumb/v7e-m/fpv4-sp/hard/crtbegin.o
LOAD c:/programfiles/stm32cubeide_1.0.1/stm32cubeide/plugins/com.st.stm32cube.ide.mcu.externaltools.gnu-tools-for-stm32.7-2018-q2-update.win32_1.0.0.201904181610/tools/bin/../lib/gcc/arm-none-eabi/7.3.1/../../../../arm-none-eabi/lib/thumb/v7e-m/fpv4-sp/hard/crt0.o
LOAD Core/Src/App/ecat_slv.o
LOAD Core/Src/App/esc.o
LOAD Core/Src/App/esc_coe.o
LOAD Core/Src/App/esc_eoe.o
LOAD Core/Src/App/esc_foe.o
LOAD Core/Src/App/esc_hw.o
LOAD Core/Src/App/slave_objectlist.o
LOAD Core/Src/App/spi.o
LOAD Core/Src/Driver/Encoder_Counting.o
LOAD Core/Src/Driver/PWM_Generating.o
LOAD Core/Src/main.o
LOAD Core/Src/stm32l4xx_hal_msp.o
LOAD Core/Src/stm32l4xx_it.o
LOAD Core/Src/syscalls.o
LOAD Core/Src/sysmem.o
LOAD Core/Src/system_stm32l4xx.o
LOAD Core/Startup/startup_stm32l4r5zitx.o
LOAD Drivers/STM32L4xx_HAL_Driver/Src/stm32l4xx_hal.o
LOAD Drivers/STM32L4xx_HAL_Driver/Src/stm32l4xx_hal_cortex.o
LOAD Drivers/STM32L4xx_HAL_Driver/Src/stm32l4xx_hal_dma.o
LOAD Drivers/STM32L4xx_HAL_Driver/Src/stm32l4xx_hal_dma_ex.o
LOAD Drivers/STM32L4xx_HAL_Driver/Src/stm32l4xx_hal_exti.o
LOAD Drivers/STM32L4xx_HAL_Driver/Src/stm32l4xx_hal_flash.o
LOAD Drivers/STM32L4xx_HAL_Driver/Src/stm32l4xx_hal_flash_ex.o
LOAD Drivers/STM32L4xx_HAL_Driver/Src/stm32l4xx_hal_flash_ramfunc.o
LOAD Drivers/STM32L4xx_HAL_Driver/Src/stm32l4xx_hal_gpio.o
LOAD Drivers/STM32L4xx_HAL_Driver/Src/stm32l4xx_hal_i2c.o
LOAD Drivers/STM32L4xx_HAL_Driver/Src/stm32l4xx_hal_i2c_ex.o
LOAD Drivers/STM32L4xx_HAL_Driver/Src/stm32l4xx_hal_pcd.o
LOAD Drivers/STM32L4xx_HAL_Driver/Src/stm32l4xx_hal_pcd_ex.o
LOAD Drivers/STM32L4xx_HAL_Driver/Src/stm32l4xx_hal_pwr.o
LOAD Drivers/STM32L4xx_HAL_Driver/Src/stm32l4xx_hal_pwr_ex.o
LOAD Drivers/STM32L4xx_HAL_Driver/Src/stm32l4xx_hal_rcc.o
LOAD Drivers/STM32L4xx_HAL_Driver/Src/stm32l4xx_hal_rcc_ex.o
LOAD Drivers/STM32L4xx_HAL_Driver/Src/stm32l4xx_hal_spi.o
LOAD Drivers/STM32L4xx_HAL_Driver/Src/stm32l4xx_hal_spi_ex.o
LOAD Drivers/STM32L4xx_HAL_Driver/Src/stm32l4xx_hal_tim.o
LOAD Drivers/STM32L4xx_HAL_Driver/Src/stm32l4xx_hal_tim_ex.o
LOAD Drivers/STM32L4xx_HAL_Driver/Src/stm32l4xx_hal_uart.o
LOAD Drivers/STM32L4xx_HAL_Driver/Src/stm32l4xx_hal_uart_ex.o
LOAD Drivers/STM32L4xx_HAL_Driver/Src/stm32l4xx_ll_usb.o
START GROUP
LOAD c:/programfiles/stm32cubeide_1.0.1/stm32cubeide/plugins/com.st.stm32cube.ide.mcu.externaltools.gnu-tools-for-stm32.7-2018-q2-update.win32_1.0.0.201904181610/tools/bin/../lib/gcc/arm-none-eabi/7.3.1/../../../../arm-none-eabi/lib/thumb/v7e-m/fpv4-sp/hard\libc_nano.a
LOAD c:/programfiles/stm32cubeide_1.0.1/stm32cubeide/plugins/com.st.stm32cube.ide.mcu.externaltools.gnu-tools-for-stm32.7-2018-q2-update.win32_1.0.0.201904181610/tools/bin/../lib/gcc/arm-none-eabi/7.3.1/../../../../arm-none-eabi/lib/thumb/v7e-m/fpv4-sp/hard\libm.a
END GROUP
START GROUP
LOAD c:/programfiles/stm32cubeide_1.0.1/stm32cubeide/plugins/com.st.stm32cube.ide.mcu.externaltools.gnu-tools-for-stm32.7-2018-q2-update.win32_1.0.0.201904181610/tools/bin/../lib/gcc/arm-none-eabi/7.3.1/thumb/v7e-m/fpv4-sp/hard\libgcc.a
LOAD c:/programfiles/stm32cubeide_1.0.1/stm32cubeide/plugins/com.st.stm32cube.ide.mcu.externaltools.gnu-tools-for-stm32.7-2018-q2-update.win32_1.0.0.201904181610/tools/bin/../lib/gcc/arm-none-eabi/7.3.1/../../../../arm-none-eabi/lib/thumb/v7e-m/fpv4-sp/hard\libc_nano.a
END GROUP
START GROUP
LOAD c:/programfiles/stm32cubeide_1.0.1/stm32cubeide/plugins/com.st.stm32cube.ide.mcu.externaltools.gnu-tools-for-stm32.7-2018-q2-update.win32_1.0.0.201904181610/tools/bin/../lib/gcc/arm-none-eabi/7.3.1/thumb/v7e-m/fpv4-sp/hard\libgcc.a
LOAD c:/programfiles/stm32cubeide_1.0.1/stm32cubeide/plugins/com.st.stm32cube.ide.mcu.externaltools.gnu-tools-for-stm32.7-2018-q2-update.win32_1.0.0.201904181610/tools/bin/../lib/gcc/arm-none-eabi/7.3.1/../../../../arm-none-eabi/lib/thumb/v7e-m/fpv4-sp/hard\libc_nano.a
LOAD c:/programfiles/stm32cubeide_1.0.1/stm32cubeide/plugins/com.st.stm32cube.ide.mcu.externaltools.gnu-tools-for-stm32.7-2018-q2-update.win32_1.0.0.201904181610/tools/bin/../lib/gcc/arm-none-eabi/7.3.1/../../../../arm-none-eabi/lib/thumb/v7e-m/fpv4-sp/hard\libnosys.a
END GROUP
START GROUP
LOAD c:/programfiles/stm32cubeide_1.0.1/stm32cubeide/plugins/com.st.stm32cube.ide.mcu.externaltools.gnu-tools-for-stm32.7-2018-q2-update.win32_1.0.0.201904181610/tools/bin/../lib/gcc/arm-none-eabi/7.3.1/thumb/v7e-m/fpv4-sp/hard\libgcc.a
LOAD c:/programfiles/stm32cubeide_1.0.1/stm32cubeide/plugins/com.st.stm32cube.ide.mcu.externaltools.gnu-tools-for-stm32.7-2018-q2-update.win32_1.0.0.201904181610/tools/bin/../lib/gcc/arm-none-eabi/7.3.1/../../../../arm-none-eabi/lib/thumb/v7e-m/fpv4-sp/hard\libc_nano.a
LOAD c:/programfiles/stm32cubeide_1.0.1/stm32cubeide/plugins/com.st.stm32cube.ide.mcu.externaltools.gnu-tools-for-stm32.7-2018-q2-update.win32_1.0.0.201904181610/tools/bin/../lib/gcc/arm-none-eabi/7.3.1/../../../../arm-none-eabi/lib/thumb/v7e-m/fpv4-sp/hard\libnosys.a
END GROUP
LOAD c:/programfiles/stm32cubeide_1.0.1/stm32cubeide/plugins/com.st.stm32cube.ide.mcu.externaltools.gnu-tools-for-stm32.7-2018-q2-update.win32_1.0.0.201904181610/tools/bin/../lib/gcc/arm-none-eabi/7.3.1/thumb/v7e-m/fpv4-sp/hard/crtend.o
LOAD c:/programfiles/stm32cubeide_1.0.1/stm32cubeide/plugins/com.st.stm32cube.ide.mcu.externaltools.gnu-tools-for-stm32.7-2018-q2-update.win32_1.0.0.201904181610/tools/bin/../lib/gcc/arm-none-eabi/7.3.1/thumb/v7e-m/fpv4-sp/hard/crtn.o
                0x00000000200a0000                _estack = (ORIGIN (RAM) + LENGTH (RAM))
                0x0000000000000200                _Min_Heap_Size = 0x200
                0x0000000000000400                _Min_Stack_Size = 0x400

.isr_vector     0x0000000008000000      0x1bc
                0x0000000008000000                . = ALIGN (0x4)
 *(.isr_vector)
 .isr_vector    0x0000000008000000      0x1bc Core/Startup/startup_stm32l4r5zitx.o
                0x0000000008000000                g_pfnVectors
                0x00000000080001bc                . = ALIGN (0x4)

.text           0x00000000080001c0     0xc3c0
                0x00000000080001c0                . = ALIGN (0x4)
 *(.text)
 .text          0x00000000080001c0       0x40 c:/programfiles/stm32cubeide_1.0.1/stm32cubeide/plugins/com.st.stm32cube.ide.mcu.externaltools.gnu-tools-for-stm32.7-2018-q2-update.win32_1.0.0.201904181610/tools/bin/../lib/gcc/arm-none-eabi/7.3.1/thumb/v7e-m/fpv4-sp/hard/crtbegin.o
 .text          0x0000000008000200       0xa0 c:/programfiles/stm32cubeide_1.0.1/stm32cubeide/plugins/com.st.stm32cube.ide.mcu.externaltools.gnu-tools-for-stm32.7-2018-q2-update.win32_1.0.0.201904181610/tools/bin/../lib/gcc/arm-none-eabi/7.3.1/../../../../arm-none-eabi/lib/thumb/v7e-m/fpv4-sp/hard\libc_nano.a(lib_a-memchr.o)
                0x0000000008000200                memchr
 .text          0x00000000080002a0      0x378 c:/programfiles/stm32cubeide_1.0.1/stm32cubeide/plugins/com.st.stm32cube.ide.mcu.externaltools.gnu-tools-for-stm32.7-2018-q2-update.win32_1.0.0.201904181610/tools/bin/../lib/gcc/arm-none-eabi/7.3.1/thumb/v7e-m/fpv4-sp/hard\libgcc.a(_arm_addsubdf3.o)
                0x00000000080002a0                __aeabi_drsub
                0x00000000080002a8                __aeabi_dsub
                0x00000000080002a8                __subdf3
                0x00000000080002ac                __aeabi_dadd
                0x00000000080002ac                __adddf3
                0x0000000008000524                __floatunsidf
                0x0000000008000524                __aeabi_ui2d
                0x0000000008000544                __floatsidf
                0x0000000008000544                __aeabi_i2d
                0x0000000008000568                __aeabi_f2d
                0x0000000008000568                __extendsfdf2
                0x00000000080005ac                __floatundidf
                0x00000000080005ac                __aeabi_ul2d
                0x00000000080005bc                __floatdidf
                0x00000000080005bc                __aeabi_l2d
 .text          0x0000000008000618      0x424 c:/programfiles/stm32cubeide_1.0.1/stm32cubeide/plugins/com.st.stm32cube.ide.mcu.externaltools.gnu-tools-for-stm32.7-2018-q2-update.win32_1.0.0.201904181610/tools/bin/../lib/gcc/arm-none-eabi/7.3.1/thumb/v7e-m/fpv4-sp/hard\libgcc.a(_arm_muldivdf3.o)
                0x0000000008000618                __aeabi_dmul
                0x0000000008000618                __muldf3
                0x000000000800086c                __divdf3
                0x000000000800086c                __aeabi_ddiv
 .text          0x0000000008000a3c       0x50 c:/programfiles/stm32cubeide_1.0.1/stm32cubeide/plugins/com.st.stm32cube.ide.mcu.externaltools.gnu-tools-for-stm32.7-2018-q2-update.win32_1.0.0.201904181610/tools/bin/../lib/gcc/arm-none-eabi/7.3.1/thumb/v7e-m/fpv4-sp/hard\libgcc.a(_arm_fixdfsi.o)
                0x0000000008000a3c                __aeabi_d2iz
                0x0000000008000a3c                __fixdfsi
 .text          0x0000000008000a8c       0x30 c:/programfiles/stm32cubeide_1.0.1/stm32cubeide/plugins/com.st.stm32cube.ide.mcu.externaltools.gnu-tools-for-stm32.7-2018-q2-update.win32_1.0.0.201904181610/tools/bin/../lib/gcc/arm-none-eabi/7.3.1/thumb/v7e-m/fpv4-sp/hard\libgcc.a(_aeabi_uldivmod.o)
                0x0000000008000a8c                __aeabi_uldivmod
 .text          0x0000000008000abc      0x2cc c:/programfiles/stm32cubeide_1.0.1/stm32cubeide/plugins/com.st.stm32cube.ide.mcu.externaltools.gnu-tools-for-stm32.7-2018-q2-update.win32_1.0.0.201904181610/tools/bin/../lib/gcc/arm-none-eabi/7.3.1/thumb/v7e-m/fpv4-sp/hard\libgcc.a(_udivmoddi4.o)
                0x0000000008000abc                __udivmoddi4
 .text          0x0000000008000d88        0x4 c:/programfiles/stm32cubeide_1.0.1/stm32cubeide/plugins/com.st.stm32cube.ide.mcu.externaltools.gnu-tools-for-stm32.7-2018-q2-update.win32_1.0.0.201904181610/tools/bin/../lib/gcc/arm-none-eabi/7.3.1/thumb/v7e-m/fpv4-sp/hard\libgcc.a(_dvmd_tls.o)
                0x0000000008000d88                __aeabi_idiv0
                0x0000000008000d88                __aeabi_ldiv0
 *(.text*)
 .text.ESC_pre_objecthandler
                0x0000000008000d8c       0x90 Core/Src/App/ecat_slv.o
                0x0000000008000d8c                ESC_pre_objecthandler
 .text.ESC_objecthandler
                0x0000000008000e1c       0x34 Core/Src/App/ecat_slv.o
                0x0000000008000e1c                ESC_objecthandler
 .text.APP_safeoutput
                0x0000000008000e50       0x24 Core/Src/App/ecat_slv.o
                0x0000000008000e50                APP_safeoutput
 .text.TXPDO_update
                0x0000000008000e74       0x48 Core/Src/App/ecat_slv.o
                0x0000000008000e74                TXPDO_update
 .text.RXPDO_update
                0x0000000008000ebc       0x48 Core/Src/App/ecat_slv.o
                0x0000000008000ebc                RXPDO_update
 .text.DIG_process
                0x0000000008000f04      0x154 Core/Src/App/ecat_slv.o
                0x0000000008000f04                DIG_process
 .text.ecat_slv_poll
                0x0000000008001058       0x50 Core/Src/App/ecat_slv.o
                0x0000000008001058                ecat_slv_poll
 .text.ecat_slv
                0x00000000080010a8       0x12 Core/Src/App/ecat_slv.o
                0x00000000080010a8                ecat_slv
 *fill*         0x00000000080010ba        0x2 
 .text.ecat_slv_init
                0x00000000080010bc       0x7c Core/Src/App/ecat_slv.o
                0x00000000080010bc                ecat_slv_init
 .text.ESC_ALerror
                0x0000000008001138       0x34 Core/Src/App/esc.o
                0x0000000008001138                ESC_ALerror
 .text.ESC_ALstatus
                0x000000000800116c       0x38 Core/Src/App/esc.o
                0x000000000800116c                ESC_ALstatus
 .text.ESC_ALstatusgotoerror
                0x00000000080011a4       0xb8 Core/Src/App/esc.o
                0x00000000080011a4                ESC_ALstatusgotoerror
 .text.ESC_SMack
                0x000000000800125c       0x2c Core/Src/App/esc.o
                0x000000000800125c                ESC_SMack
 .text.ESC_SMstatus
                0x0000000008001288       0x3c Core/Src/App/esc.o
                0x0000000008001288                ESC_SMstatus
 .text.ESC_SMwritepdi
                0x00000000080012c4       0x3c Core/Src/App/esc.o
                0x00000000080012c4                ESC_SMwritepdi
 .text.ESC_SMenable
                0x0000000008001300       0x38 Core/Src/App/esc.o
                0x0000000008001300                ESC_SMenable
 .text.ESC_SMdisable
                0x0000000008001338       0x38 Core/Src/App/esc.o
                0x0000000008001338                ESC_SMdisable
 .text.ESC_address
                0x0000000008001370       0x28 Core/Src/App/esc.o
                0x0000000008001370                ESC_address
 .text.ESC_SYNCactivation
                0x0000000008001398       0x1e Core/Src/App/esc.o
                0x0000000008001398                ESC_SYNCactivation
 *fill*         0x00000000080013b6        0x2 
 .text.ESC_checkDC
                0x00000000080013b8       0x54 Core/Src/App/esc.o
                0x00000000080013b8                ESC_checkDC
 .text.ESC_checkmbx
                0x000000000800140c       0xec Core/Src/App/esc.o
                0x000000000800140c                ESC_checkmbx
 .text.ESC_startmbx
                0x00000000080014f8       0x8c Core/Src/App/esc.o
                0x00000000080014f8                ESC_startmbx
 .text.ESC_startmbxboot
                0x0000000008001584       0x8c Core/Src/App/esc.o
                0x0000000008001584                ESC_startmbxboot
 .text.ESC_stopmbx
                0x0000000008001610       0x94 Core/Src/App/esc.o
                0x0000000008001610                ESC_stopmbx
 .text.ESC_readmbx
                0x00000000080016a4       0x8c Core/Src/App/esc.o
                0x00000000080016a4                ESC_readmbx
 .text.ESC_writembx
                0x0000000008001730       0x90 Core/Src/App/esc.o
                0x0000000008001730                ESC_writembx
 .text.ESC_ackmbxread
                0x00000000080017c0       0x30 Core/Src/App/esc.o
                0x00000000080017c0                ESC_ackmbxread
 .text.ESC_claimbuffer
                0x00000000080017f0       0xd4 Core/Src/App/esc.o
                0x00000000080017f0                ESC_claimbuffer
 .text.ESC_outreqbuffer
                0x00000000080018c4       0x34 Core/Src/App/esc.o
                0x00000000080018c4                ESC_outreqbuffer
 .text.MBX_error
                0x00000000080018f8       0x70 Core/Src/App/esc.o
                0x00000000080018f8                MBX_error
 .text.ESC_mbxprocess
                0x0000000008001968      0x274 Core/Src/App/esc.o
                0x0000000008001968                ESC_mbxprocess
 .text.ESC_xoeprocess
                0x0000000008001bdc       0x68 Core/Src/App/esc.o
                0x0000000008001bdc                ESC_xoeprocess
 .text.ESC_checkSM23
                0x0000000008001c44       0xdc Core/Src/App/esc.o
                0x0000000008001c44                ESC_checkSM23
 .text.ESC_startinput
                0x0000000008001d20       0xdc Core/Src/App/esc.o
                0x0000000008001d20                ESC_startinput
 .text.ESC_stopinput
                0x0000000008001dfc       0x44 Core/Src/App/esc.o
                0x0000000008001dfc                ESC_stopinput
 .text.ESC_startoutput
                0x0000000008001e40       0x38 Core/Src/App/esc.o
                0x0000000008001e40                ESC_startoutput
 .text.ESC_stopoutput
                0x0000000008001e78       0x30 Core/Src/App/esc.o
                0x0000000008001e78                ESC_stopoutput
 .text.ESC_sm_act_event
                0x0000000008001ea8      0x168 Core/Src/App/esc.o
                0x0000000008001ea8                ESC_sm_act_event
 .text.ESC_state
                0x0000000008002010      0x48c Core/Src/App/esc.o
                0x0000000008002010                ESC_state
 .text.ESC_config
                0x000000000800249c       0xdc Core/Src/App/esc.o
                0x000000000800249c                ESC_config
 .text.SDO_findsubindex
                0x0000000008002578       0xb0 Core/Src/App/esc_coe.o
                0x0000000008002578                SDO_findsubindex
 .text.SDO_findobject
                0x0000000008002628       0x60 Core/Src/App/esc_coe.o
                0x0000000008002628                SDO_findobject
 .text.sizeOfPDO
                0x0000000008002688      0x2a4 Core/Src/App/esc_coe.o
                0x0000000008002688                sizeOfPDO
 .text.copy2mbx
                0x000000000800292c       0x22 Core/Src/App/esc_coe.o
                0x000000000800292c                copy2mbx
 *fill*         0x000000000800294e        0x2 
 .text.SDO_abort
                0x0000000008002950       0x8c Core/Src/App/esc_coe.o
                0x0000000008002950                SDO_abort
 .text.SDO_upload
                0x00000000080029dc      0x254 Core/Src/App/esc_coe.o
                0x00000000080029dc                SDO_upload
 .text.SDO_uploadsegment
                0x0000000008002c30      0x148 Core/Src/App/esc_coe.o
                0x0000000008002c30                SDO_uploadsegment
 .text.SDO_download
                0x0000000008002d78      0x278 Core/Src/App/esc_coe.o
                0x0000000008002d78                SDO_download
 .text.SDO_infoerror
                0x0000000008002ff0       0xb0 Core/Src/App/esc_coe.o
                0x0000000008002ff0                SDO_infoerror
 .text.SDO_getodlist
                0x00000000080030a0      0x250 Core/Src/App/esc_coe.o
                0x00000000080030a0                SDO_getodlist
 .text.SDO_getodlistcont
                0x00000000080032f0      0x14c Core/Src/App/esc_coe.o
                0x00000000080032f0                SDO_getodlistcont
 .text.SDO_getod
                0x000000000800343c      0x250 Core/Src/App/esc_coe.o
                0x000000000800343c                SDO_getod
 .text.SDO_geted
                0x000000000800368c      0x1c0 Core/Src/App/esc_coe.o
                0x000000000800368c                SDO_geted
 .text.ESC_coeprocess
                0x000000000800384c      0x188 Core/Src/App/esc_coe.o
                0x000000000800384c                ESC_coeprocess
 .text.COE_bitsliceGet
                0x00000000080039d4      0x132 Core/Src/App/esc_coe.o
 .text.COE_bitsliceSet
                0x0000000008003b06      0x212 Core/Src/App/esc_coe.o
 .text.COE_getValue
                0x0000000008003d18      0x170 Core/Src/App/esc_coe.o
 .text.COE_setValue
                0x0000000008003e88      0x13c Core/Src/App/esc_coe.o
 .text.COE_initDefaultValues
                0x0000000008003fc4      0x128 Core/Src/App/esc_coe.o
                0x0000000008003fc4                COE_initDefaultValues
 .text.COE_pdoPack
                0x00000000080040ec       0xb8 Core/Src/App/esc_coe.o
                0x00000000080040ec                COE_pdoPack
 .text.COE_pdoUnpack
                0x00000000080041a4       0xb4 Core/Src/App/esc_coe.o
                0x00000000080041a4                COE_pdoUnpack
 .text.COE_maxSub
                0x0000000008004258       0x7c Core/Src/App/esc_coe.o
                0x0000000008004258                COE_maxSub
 .text.lan9252_write_32
                0x00000000080042d4       0x74 Core/Src/App/esc_hw.o
 .text.lan9252_read_32
                0x0000000008004348       0x7c Core/Src/App/esc_hw.o
 .text.ESC_read_csr
                0x00000000080043c4       0x5e Core/Src/App/esc_hw.o
 .text.ESC_write_csr
                0x0000000008004422       0x5e Core/Src/App/esc_hw.o
 .text.ESC_read_pram
                0x0000000008004480      0x160 Core/Src/App/esc_hw.o
 .text.ESC_write_pram
                0x00000000080045e0      0x170 Core/Src/App/esc_hw.o
 .text.ESC_read
                0x0000000008004750       0xc4 Core/Src/App/esc_hw.o
                0x0000000008004750                ESC_read
 .text.ESC_write
                0x0000000008004814       0xc4 Core/Src/App/esc_hw.o
                0x0000000008004814                ESC_write
 .text.ESC_init
                0x00000000080048d8       0x2e Core/Src/App/esc_hw.o
                0x00000000080048d8                ESC_init
 .text.spi_select
                0x0000000008004906       0x1e Core/Src/App/spi.o
                0x0000000008004906                spi_select
 .text.spi_unselect
                0x0000000008004924       0x1e Core/Src/App/spi.o
                0x0000000008004924                spi_unselect
 *fill*         0x0000000008004942        0x2 
 .text.write    0x0000000008004944       0x2c Core/Src/App/spi.o
                0x0000000008004944                write
 .text.read     0x0000000008004970       0x2c Core/Src/App/spi.o
                0x0000000008004970                read
 .text.PWMGen3  0x000000000800499c      0x116 Core/Src/Driver/PWM_Generating.o
                0x000000000800499c                PWMGen3
 *fill*         0x0000000008004ab2        0x6 
 .text.cb_get_inputs
                0x0000000008004ab8       0xd8 Core/Src/main.o
                0x0000000008004ab8                cb_get_inputs
 .text.cb_set_outputs
                0x0000000008004b90        0xe Core/Src/main.o
                0x0000000008004b90                cb_set_outputs
 *fill*         0x0000000008004b9e        0x2 
 .text.HAL_GPIO_EXTI_Callback
                0x0000000008004ba0       0x28 Core/Src/main.o
                0x0000000008004ba0                HAL_GPIO_EXTI_Callback
 .text.main     0x0000000008004bc8       0xa8 Core/Src/main.o
                0x0000000008004bc8                main
 .text.SystemClock_Config
                0x0000000008004c70      0x10e Core/Src/main.o
                0x0000000008004c70                SystemClock_Config
 *fill*         0x0000000008004d7e        0x2 
 .text.MX_LPUART1_UART_Init
                0x0000000008004d80       0x88 Core/Src/main.o
 .text.MX_USART3_UART_Init
                0x0000000008004e08       0x98 Core/Src/main.o
 .text.MX_SPI1_Init
                0x0000000008004ea0       0x7c Core/Src/main.o
 .text.MX_TIM3_Init
                0x0000000008004f1c      0x104 Core/Src/main.o
 .text.MX_USB_OTG_FS_PCD_Init
                0x0000000008005020       0x54 Core/Src/main.o
 .text.MX_GPIO_Init
                0x0000000008005074      0x234 Core/Src/main.o
 .text.Error_Handler
                0x00000000080052a8        0xe Core/Src/main.o
                0x00000000080052a8                Error_Handler
 *fill*         0x00000000080052b6        0x2 
 .text.HAL_MspInit
                0x00000000080052b8       0x48 Core/Src/stm32l4xx_hal_msp.o
                0x00000000080052b8                HAL_MspInit
 .text.HAL_UART_MspInit
                0x0000000008005300       0xf4 Core/Src/stm32l4xx_hal_msp.o
                0x0000000008005300                HAL_UART_MspInit
 .text.HAL_SPI_MspInit
                0x00000000080053f4       0x84 Core/Src/stm32l4xx_hal_msp.o
                0x00000000080053f4                HAL_SPI_MspInit
 .text.HAL_TIM_Base_MspInit
                0x0000000008005478       0x40 Core/Src/stm32l4xx_hal_msp.o
                0x0000000008005478                HAL_TIM_Base_MspInit
 .text.HAL_TIM_MspPostInit
                0x00000000080054b8       0x70 Core/Src/stm32l4xx_hal_msp.o
                0x00000000080054b8                HAL_TIM_MspPostInit
 .text.HAL_PCD_MspInit
                0x0000000008005528       0xd8 Core/Src/stm32l4xx_hal_msp.o
                0x0000000008005528                HAL_PCD_MspInit
 .text.NMI_Handler
                0x0000000008005600        0xe Core/Src/stm32l4xx_it.o
                0x0000000008005600                NMI_Handler
 .text.HardFault_Handler
                0x000000000800560e        0x6 Core/Src/stm32l4xx_it.o
                0x000000000800560e                HardFault_Handler
 .text.MemManage_Handler
                0x0000000008005614        0x6 Core/Src/stm32l4xx_it.o
                0x0000000008005614                MemManage_Handler
 .text.BusFault_Handler
                0x000000000800561a        0x6 Core/Src/stm32l4xx_it.o
                0x000000000800561a                BusFault_Handler
 .text.UsageFault_Handler
                0x0000000008005620        0x6 Core/Src/stm32l4xx_it.o
                0x0000000008005620                UsageFault_Handler
 .text.SVC_Handler
                0x0000000008005626        0xe Core/Src/stm32l4xx_it.o
                0x0000000008005626                SVC_Handler
 .text.DebugMon_Handler
                0x0000000008005634        0xe Core/Src/stm32l4xx_it.o
                0x0000000008005634                DebugMon_Handler
 .text.PendSV_Handler
                0x0000000008005642        0xe Core/Src/stm32l4xx_it.o
                0x0000000008005642                PendSV_Handler
 .text.SysTick_Handler
                0x0000000008005650        0xc Core/Src/stm32l4xx_it.o
                0x0000000008005650                SysTick_Handler
 .text.EXTI15_10_IRQHandler
                0x000000000800565c       0x10 Core/Src/stm32l4xx_it.o
                0x000000000800565c                EXTI15_10_IRQHandler
 .text._getpid  0x000000000800566c       0x10 Core/Src/syscalls.o
                0x000000000800566c                _getpid
 .text._kill    0x000000000800567c       0x20 Core/Src/syscalls.o
                0x000000000800567c                _kill
 .text._exit    0x000000000800569c       0x14 Core/Src/syscalls.o
                0x000000000800569c                _exit
 .text._read    0x00000000080056b0       0x3a Core/Src/syscalls.o
                0x00000000080056b0                _read
 *fill*         0x00000000080056ea        0x2 
 .text._write   0x00000000080056ec       0x2c Core/Src/syscalls.o
                0x00000000080056ec                _write
 .text._close   0x0000000008005718       0x18 Core/Src/syscalls.o
                0x0000000008005718                _close
 .text._fstat   0x0000000008005730       0x20 Core/Src/syscalls.o
                0x0000000008005730                _fstat
 .text._isatty  0x0000000008005750       0x16 Core/Src/syscalls.o
                0x0000000008005750                _isatty
 .text._lseek   0x0000000008005766       0x1a Core/Src/syscalls.o
                0x0000000008005766                _lseek
 .text._sbrk    0x0000000008005780       0x58 Core/Src/sysmem.o
                0x0000000008005780                _sbrk
 .text.SystemInit
                0x00000000080057d8       0x6c Core/Src/system_stm32l4xx.o
                0x00000000080057d8                SystemInit
 .text.Reset_Handler
                0x0000000008005844       0x50 Core/Startup/startup_stm32l4r5zitx.o
                0x0000000008005844                Reset_Handler
 .text.Default_Handler
                0x0000000008005894        0x2 Core/Startup/startup_stm32l4r5zitx.o
                0x0000000008005894                RTC_Alarm_IRQHandler
                0x0000000008005894                EXTI2_IRQHandler
                0x0000000008005894                TIM8_TRG_COM_IRQHandler
                0x0000000008005894                TIM8_CC_IRQHandler
                0x0000000008005894                TIM1_CC_IRQHandler
                0x0000000008005894                TSC_IRQHandler
                0x0000000008005894                TAMP_STAMP_IRQHandler
                0x0000000008005894                EXTI3_IRQHandler
                0x0000000008005894                LPTIM2_IRQHandler
                0x0000000008005894                DFSDM1_FLT1_IRQHandler
                0x0000000008005894                GFXMMU_IRQHandler
                0x0000000008005894                I2C3_ER_IRQHandler
                0x0000000008005894                DFSDM1_FLT2_IRQHandler
                0x0000000008005894                EXTI0_IRQHandler
                0x0000000008005894                I2C2_EV_IRQHandler
                0x0000000008005894                CAN1_RX0_IRQHandler
                0x0000000008005894                FPU_IRQHandler
                0x0000000008005894                TIM1_UP_TIM16_IRQHandler
                0x0000000008005894                LTDC_ER_IRQHandler
                0x0000000008005894                SPI1_IRQHandler
                0x0000000008005894                OCTOSPI1_IRQHandler
                0x0000000008005894                TIM6_DAC_IRQHandler
                0x0000000008005894                DCMI_IRQHandler
                0x0000000008005894                TIM8_UP_IRQHandler
                0x0000000008005894                OCTOSPI2_IRQHandler
                0x0000000008005894                DMA2_Channel2_IRQHandler
                0x0000000008005894                DMA1_Channel4_IRQHandler
                0x0000000008005894                SAI2_IRQHandler
                0x0000000008005894                ADC1_IRQHandler
                0x0000000008005894                DFSDM1_FLT3_IRQHandler
                0x0000000008005894                USART3_IRQHandler
                0x0000000008005894                DMA1_Channel7_IRQHandler
                0x0000000008005894                CAN1_RX1_IRQHandler
                0x0000000008005894                UART5_IRQHandler
                0x0000000008005894                TIM4_IRQHandler
                0x0000000008005894                DMA2_Channel1_IRQHandler
                0x0000000008005894                I2C1_EV_IRQHandler
                0x0000000008005894                DMAMUX1_OVR_IRQHandler
                0x0000000008005894                DMA1_Channel6_IRQHandler
                0x0000000008005894                UART4_IRQHandler
                0x0000000008005894                DMA2_Channel4_IRQHandler
                0x0000000008005894                TIM3_IRQHandler
                0x0000000008005894                RCC_IRQHandler
                0x0000000008005894                DMA1_Channel1_IRQHandler
                0x0000000008005894                Default_Handler
                0x0000000008005894                DMA2_Channel7_IRQHandler
                0x0000000008005894                TIM7_IRQHandler
                0x0000000008005894                SDMMC1_IRQHandler
                0x0000000008005894                TIM5_IRQHandler
                0x0000000008005894                I2C3_EV_IRQHandler
                0x0000000008005894                EXTI9_5_IRQHandler
                0x0000000008005894                RTC_WKUP_IRQHandler
                0x0000000008005894                LTDC_IRQHandler
                0x0000000008005894                PVD_PVM_IRQHandler
                0x0000000008005894                SPI2_IRQHandler
                0x0000000008005894                CAN1_TX_IRQHandler
                0x0000000008005894                DMA2_Channel5_IRQHandler
                0x0000000008005894                CRS_IRQHandler
                0x0000000008005894                DMA1_Channel5_IRQHandler
                0x0000000008005894                EXTI4_IRQHandler
                0x0000000008005894                RNG_IRQHandler
                0x0000000008005894                TIM1_TRG_COM_TIM17_IRQHandler
                0x0000000008005894                DMA1_Channel3_IRQHandler
                0x0000000008005894                COMP_IRQHandler
                0x0000000008005894                WWDG_IRQHandler
                0x0000000008005894                I2C4_EV_IRQHandler
                0x0000000008005894                LPUART1_IRQHandler
                0x0000000008005894                DMA2_Channel6_IRQHandler
                0x0000000008005894                TIM2_IRQHandler
                0x0000000008005894                DMA2D_IRQHandler
                0x0000000008005894                EXTI1_IRQHandler
                0x0000000008005894                USART2_IRQHandler
                0x0000000008005894                DFSDM1_FLT0_IRQHandler
                0x0000000008005894                I2C2_ER_IRQHandler
                0x0000000008005894                DMA1_Channel2_IRQHandler
                0x0000000008005894                TIM8_BRK_IRQHandler
                0x0000000008005894                CAN1_SCE_IRQHandler
                0x0000000008005894                FLASH_IRQHandler
                0x0000000008005894                USART1_IRQHandler
                0x0000000008005894                OTG_FS_IRQHandler
                0x0000000008005894                SPI3_IRQHandler
                0x0000000008005894                I2C1_ER_IRQHandler
                0x0000000008005894                FMC_IRQHandler
                0x0000000008005894                LPTIM1_IRQHandler
                0x0000000008005894                I2C4_ER_IRQHandler
                0x0000000008005894                SAI1_IRQHandler
                0x0000000008005894                DMA2_Channel3_IRQHandler
                0x0000000008005894                TIM1_BRK_TIM15_IRQHandler
 .text.HAL_Init
                0x0000000008005896       0x30 Drivers/STM32L4xx_HAL_Driver/Src/stm32l4xx_hal.o
                0x0000000008005896                HAL_Init
 *fill*         0x00000000080058c6        0x2 
 .text.HAL_InitTick
                0x00000000080058c8       0x74 Drivers/STM32L4xx_HAL_Driver/Src/stm32l4xx_hal.o
                0x00000000080058c8                HAL_InitTick
 .text.HAL_IncTick
                0x000000000800593c       0x24 Drivers/STM32L4xx_HAL_Driver/Src/stm32l4xx_hal.o
                0x000000000800593c                HAL_IncTick
 .text.HAL_GetTick
                0x0000000008005960       0x18 Drivers/STM32L4xx_HAL_Driver/Src/stm32l4xx_hal.o
                0x0000000008005960                HAL_GetTick
 .text.HAL_Delay
                0x0000000008005978       0x44 Drivers/STM32L4xx_HAL_Driver/Src/stm32l4xx_hal.o
                0x0000000008005978                HAL_Delay
 .text.__NVIC_SetPriorityGrouping
                0x00000000080059bc       0x48 Drivers/STM32L4xx_HAL_Driver/Src/stm32l4xx_hal_cortex.o
 .text.__NVIC_GetPriorityGrouping
                0x0000000008005a04       0x1c Drivers/STM32L4xx_HAL_Driver/Src/stm32l4xx_hal_cortex.o
 .text.__NVIC_EnableIRQ
                0x0000000008005a20       0x3c Drivers/STM32L4xx_HAL_Driver/Src/stm32l4xx_hal_cortex.o
 .text.__NVIC_SetPriority
                0x0000000008005a5c       0x54 Drivers/STM32L4xx_HAL_Driver/Src/stm32l4xx_hal_cortex.o
 .text.NVIC_EncodePriority
                0x0000000008005ab0       0x66 Drivers/STM32L4xx_HAL_Driver/Src/stm32l4xx_hal_cortex.o
 *fill*         0x0000000008005b16        0x2 
 .text.SysTick_Config
                0x0000000008005b18       0x44 Drivers/STM32L4xx_HAL_Driver/Src/stm32l4xx_hal_cortex.o
 .text.HAL_NVIC_SetPriorityGrouping
                0x0000000008005b5c       0x16 Drivers/STM32L4xx_HAL_Driver/Src/stm32l4xx_hal_cortex.o
                0x0000000008005b5c                HAL_NVIC_SetPriorityGrouping
 .text.HAL_NVIC_SetPriority
                0x0000000008005b72       0x38 Drivers/STM32L4xx_HAL_Driver/Src/stm32l4xx_hal_cortex.o
                0x0000000008005b72                HAL_NVIC_SetPriority
 .text.HAL_NVIC_EnableIRQ
                0x0000000008005baa       0x1c Drivers/STM32L4xx_HAL_Driver/Src/stm32l4xx_hal_cortex.o
                0x0000000008005baa                HAL_NVIC_EnableIRQ
 .text.HAL_SYSTICK_Config
                0x0000000008005bc6       0x18 Drivers/STM32L4xx_HAL_Driver/Src/stm32l4xx_hal_cortex.o
                0x0000000008005bc6                HAL_SYSTICK_Config
 *fill*         0x0000000008005bde        0x2 
 .text.HAL_GPIO_Init
                0x0000000008005be0      0x324 Drivers/STM32L4xx_HAL_Driver/Src/stm32l4xx_hal_gpio.o
                0x0000000008005be0                HAL_GPIO_Init
 .text.HAL_GPIO_WritePin
                0x0000000008005f04       0x30 Drivers/STM32L4xx_HAL_Driver/Src/stm32l4xx_hal_gpio.o
                0x0000000008005f04                HAL_GPIO_WritePin
 .text.HAL_GPIO_EXTI_IRQHandler
                0x0000000008005f34       0x30 Drivers/STM32L4xx_HAL_Driver/Src/stm32l4xx_hal_gpio.o
                0x0000000008005f34                HAL_GPIO_EXTI_IRQHandler
 .text.HAL_PCD_Init
                0x0000000008005f64      0x248 Drivers/STM32L4xx_HAL_Driver/Src/stm32l4xx_hal_pcd.o
                0x0000000008005f64                HAL_PCD_Init
 .text.HAL_PCDEx_ActivateLPM
                0x00000000080061ac       0x48 Drivers/STM32L4xx_HAL_Driver/Src/stm32l4xx_hal_pcd_ex.o
                0x00000000080061ac                HAL_PCDEx_ActivateLPM
 .text.HAL_PWREx_GetVoltageRange
                0x00000000080061f4       0x40 Drivers/STM32L4xx_HAL_Driver/Src/stm32l4xx_hal_pwr_ex.o
                0x00000000080061f4                HAL_PWREx_GetVoltageRange
 .text.HAL_PWREx_ControlVoltageScaling
                0x0000000008006234      0x148 Drivers/STM32L4xx_HAL_Driver/Src/stm32l4xx_hal_pwr_ex.o
                0x0000000008006234                HAL_PWREx_ControlVoltageScaling
 .text.HAL_PWREx_EnableVddUSB
                0x000000000800637c       0x20 Drivers/STM32L4xx_HAL_Driver/Src/stm32l4xx_hal_pwr_ex.o
                0x000000000800637c                HAL_PWREx_EnableVddUSB
 .text.HAL_PWREx_EnableVddIO2
                0x000000000800639c       0x20 Drivers/STM32L4xx_HAL_Driver/Src/stm32l4xx_hal_pwr_ex.o
                0x000000000800639c                HAL_PWREx_EnableVddIO2
 .text.HAL_RCC_OscConfig
                0x00000000080063bc      0x7dc Drivers/STM32L4xx_HAL_Driver/Src/stm32l4xx_hal_rcc.o
                0x00000000080063bc                HAL_RCC_OscConfig
 .text.HAL_RCC_ClockConfig
                0x0000000008006b98      0x258 Drivers/STM32L4xx_HAL_Driver/Src/stm32l4xx_hal_rcc.o
                0x0000000008006b98                HAL_RCC_ClockConfig
 .text.HAL_RCC_GetSysClockFreq
                0x0000000008006df0      0x114 Drivers/STM32L4xx_HAL_Driver/Src/stm32l4xx_hal_rcc.o
                0x0000000008006df0                HAL_RCC_GetSysClockFreq
 .text.HAL_RCC_GetHCLKFreq
                0x0000000008006f04       0x18 Drivers/STM32L4xx_HAL_Driver/Src/stm32l4xx_hal_rcc.o
                0x0000000008006f04                HAL_RCC_GetHCLKFreq
 .text.HAL_RCC_GetPCLK1Freq
                0x0000000008006f1c       0x2c Drivers/STM32L4xx_HAL_Driver/Src/stm32l4xx_hal_rcc.o
                0x0000000008006f1c                HAL_RCC_GetPCLK1Freq
 .text.HAL_RCC_GetPCLK2Freq
                0x0000000008006f48       0x2c Drivers/STM32L4xx_HAL_Driver/Src/stm32l4xx_hal_rcc.o
                0x0000000008006f48                HAL_RCC_GetPCLK2Freq
 .text.RCC_SetFlashLatencyFromMSIRange
                0x0000000008006f74       0xb4 Drivers/STM32L4xx_HAL_Driver/Src/stm32l4xx_hal_rcc.o
 .text.RCC_GetSysClockFreqFromPLLSource
                0x0000000008007028       0xd0 Drivers/STM32L4xx_HAL_Driver/Src/stm32l4xx_hal_rcc.o
 .text.HAL_RCCEx_PeriphCLKConfig
                0x00000000080070f8      0x650 Drivers/STM32L4xx_HAL_Driver/Src/stm32l4xx_hal_rcc_ex.o
                0x00000000080070f8                HAL_RCCEx_PeriphCLKConfig
 .text.RCCEx_PLLSAI1_Config
                0x0000000008007748      0x1e0 Drivers/STM32L4xx_HAL_Driver/Src/stm32l4xx_hal_rcc_ex.o
 .text.RCCEx_PLLSAI2_Config
                0x0000000008007928      0x1e0 Drivers/STM32L4xx_HAL_Driver/Src/stm32l4xx_hal_rcc_ex.o
 .text.HAL_SPI_Init
                0x0000000008007b08      0x114 Drivers/STM32L4xx_HAL_Driver/Src/stm32l4xx_hal_spi.o
                0x0000000008007b08                HAL_SPI_Init
 .text.HAL_SPI_Transmit
                0x0000000008007c1c      0x2cc Drivers/STM32L4xx_HAL_Driver/Src/stm32l4xx_hal_spi.o
                0x0000000008007c1c                HAL_SPI_Transmit
 .text.HAL_SPI_Receive
                0x0000000008007ee8      0x250 Drivers/STM32L4xx_HAL_Driver/Src/stm32l4xx_hal_spi.o
                0x0000000008007ee8                HAL_SPI_Receive
 .text.HAL_SPI_TransmitReceive
                0x0000000008008138      0x426 Drivers/STM32L4xx_HAL_Driver/Src/stm32l4xx_hal_spi.o
                0x0000000008008138                HAL_SPI_TransmitReceive
 .text.SPI_WaitFlagStateUntilTimeout
                0x000000000800855e       0xd4 Drivers/STM32L4xx_HAL_Driver/Src/stm32l4xx_hal_spi.o
 .text.SPI_WaitFifoStateUntilTimeout
                0x0000000008008632       0xda Drivers/STM32L4xx_HAL_Driver/Src/stm32l4xx_hal_spi.o
 .text.SPI_EndRxTransaction
                0x000000000800870c       0xb0 Drivers/STM32L4xx_HAL_Driver/Src/stm32l4xx_hal_spi.o
 .text.SPI_EndRxTxTransaction
                0x00000000080087bc       0x8c Drivers/STM32L4xx_HAL_Driver/Src/stm32l4xx_hal_spi.o
 .text.HAL_TIM_Base_Init
                0x0000000008008848       0x56 Drivers/STM32L4xx_HAL_Driver/Src/stm32l4xx_hal_tim.o
                0x0000000008008848                HAL_TIM_Base_Init
 .text.HAL_TIM_PWM_Init
                0x000000000800889e       0x56 Drivers/STM32L4xx_HAL_Driver/Src/stm32l4xx_hal_tim.o
                0x000000000800889e                HAL_TIM_PWM_Init
 .text.HAL_TIM_PWM_MspInit
                0x00000000080088f4       0x14 Drivers/STM32L4xx_HAL_Driver/Src/stm32l4xx_hal_tim.o
                0x00000000080088f4                HAL_TIM_PWM_MspInit
 .text.HAL_TIM_PWM_Start
                0x0000000008008908       0xb0 Drivers/STM32L4xx_HAL_Driver/Src/stm32l4xx_hal_tim.o
                0x0000000008008908                HAL_TIM_PWM_Start
 .text.HAL_TIM_PWM_ConfigChannel
                0x00000000080089b8      0x230 Drivers/STM32L4xx_HAL_Driver/Src/stm32l4xx_hal_tim.o
                0x00000000080089b8                HAL_TIM_PWM_ConfigChannel
 .text.HAL_TIM_ConfigClockSource
                0x0000000008008be8      0x172 Drivers/STM32L4xx_HAL_Driver/Src/stm32l4xx_hal_tim.o
                0x0000000008008be8                HAL_TIM_ConfigClockSource
 *fill*         0x0000000008008d5a        0x2 
 .text.TIM_Base_SetConfig
                0x0000000008008d5c      0x134 Drivers/STM32L4xx_HAL_Driver/Src/stm32l4xx_hal_tim.o
                0x0000000008008d5c                TIM_Base_SetConfig
 .text.TIM_OC1_SetConfig
                0x0000000008008e90      0x120 Drivers/STM32L4xx_HAL_Driver/Src/stm32l4xx_hal_tim.o
 .text.TIM_OC2_SetConfig
                0x0000000008008fb0      0x114 Drivers/STM32L4xx_HAL_Driver/Src/stm32l4xx_hal_tim.o
                0x0000000008008fb0                TIM_OC2_SetConfig
 .text.TIM_OC3_SetConfig
                0x00000000080090c4      0x110 Drivers/STM32L4xx_HAL_Driver/Src/stm32l4xx_hal_tim.o
 .text.TIM_OC4_SetConfig
                0x00000000080091d4       0xd4 Drivers/STM32L4xx_HAL_Driver/Src/stm32l4xx_hal_tim.o
 .text.TIM_OC5_SetConfig
                0x00000000080092a8       0xc8 Drivers/STM32L4xx_HAL_Driver/Src/stm32l4xx_hal_tim.o
 .text.TIM_OC6_SetConfig
                0x0000000008009370       0xcc Drivers/STM32L4xx_HAL_Driver/Src/stm32l4xx_hal_tim.o
 .text.TIM_TI1_ConfigInputStage
                0x000000000800943c       0x5e Drivers/STM32L4xx_HAL_Driver/Src/stm32l4xx_hal_tim.o
 .text.TIM_TI2_ConfigInputStage
                0x000000000800949a       0x60 Drivers/STM32L4xx_HAL_Driver/Src/stm32l4xx_hal_tim.o
 .text.TIM_ITRx_SetConfig
                0x00000000080094fa       0x36 Drivers/STM32L4xx_HAL_Driver/Src/stm32l4xx_hal_tim.o
 .text.TIM_ETR_SetConfig
                0x0000000008009530       0x40 Drivers/STM32L4xx_HAL_Driver/Src/stm32l4xx_hal_tim.o
                0x0000000008009530                TIM_ETR_SetConfig
 .text.TIM_CCxChannelCmd
                0x0000000008009570       0x4a Drivers/STM32L4xx_HAL_Driver/Src/stm32l4xx_hal_tim.o
                0x0000000008009570                TIM_CCxChannelCmd
 *fill*         0x00000000080095ba        0x2 
 .text.HAL_TIMEx_MasterConfigSynchronization
                0x00000000080095bc       0xb8 Drivers/STM32L4xx_HAL_Driver/Src/stm32l4xx_hal_tim_ex.o
                0x00000000080095bc                HAL_TIMEx_MasterConfigSynchronization
 .text.HAL_UART_Init
                0x0000000008009674       0xa0 Drivers/STM32L4xx_HAL_Driver/Src/stm32l4xx_hal_uart.o
                0x0000000008009674                HAL_UART_Init
 .text.HAL_UART_Transmit
                0x0000000008009714      0x12e Drivers/STM32L4xx_HAL_Driver/Src/stm32l4xx_hal_uart.o
                0x0000000008009714                HAL_UART_Transmit
 *fill*         0x0000000008009842        0x6 
 .text.UART_SetConfig
                0x0000000008009848     0x1380 Drivers/STM32L4xx_HAL_Driver/Src/stm32l4xx_hal_uart.o
                0x0000000008009848                UART_SetConfig
 .text.UART_AdvFeatureConfig
                0x000000000800abc8      0x144 Drivers/STM32L4xx_HAL_Driver/Src/stm32l4xx_hal_uart.o
                0x000000000800abc8                UART_AdvFeatureConfig
 .text.UART_CheckIdleState
                0x000000000800ad0c       0x90 Drivers/STM32L4xx_HAL_Driver/Src/stm32l4xx_hal_uart.o
                0x000000000800ad0c                UART_CheckIdleState
 .text.UART_WaitOnFlagUntilTimeout
                0x000000000800ad9c       0x94 Drivers/STM32L4xx_HAL_Driver/Src/stm32l4xx_hal_uart.o
                0x000000000800ad9c                UART_WaitOnFlagUntilTimeout
 .text.HAL_UARTEx_DisableFifoMode
                0x000000000800ae30       0x72 Drivers/STM32L4xx_HAL_Driver/Src/stm32l4xx_hal_uart_ex.o
                0x000000000800ae30                HAL_UARTEx_DisableFifoMode
 .text.HAL_UARTEx_SetTxFifoThreshold
                0x000000000800aea2       0x7c Drivers/STM32L4xx_HAL_Driver/Src/stm32l4xx_hal_uart_ex.o
                0x000000000800aea2                HAL_UARTEx_SetTxFifoThreshold
 .text.HAL_UARTEx_SetRxFifoThreshold
                0x000000000800af1e       0x7c Drivers/STM32L4xx_HAL_Driver/Src/stm32l4xx_hal_uart_ex.o
                0x000000000800af1e                HAL_UARTEx_SetRxFifoThreshold
 *fill*         0x000000000800af9a        0x2 
 .text.UARTEx_SetNbDataToProcess
                0x000000000800af9c       0xd0 Drivers/STM32L4xx_HAL_Driver/Src/stm32l4xx_hal_uart_ex.o
 .text.USB_CoreInit
                0x000000000800b06c       0xa4 Drivers/STM32L4xx_HAL_Driver/Src/stm32l4xx_ll_usb.o
                0x000000000800b06c                USB_CoreInit
 .text.USB_DisableGlobalInt
                0x000000000800b110       0x22 Drivers/STM32L4xx_HAL_Driver/Src/stm32l4xx_ll_usb.o
                0x000000000800b110                USB_DisableGlobalInt
 .text.USB_SetCurrentMode
                0x000000000800b132       0x54 Drivers/STM32L4xx_HAL_Driver/Src/stm32l4xx_ll_usb.o
                0x000000000800b132                USB_SetCurrentMode
 *fill*         0x000000000800b186        0x2 
 .text.USB_DevInit
                0x000000000800b188      0x284 Drivers/STM32L4xx_HAL_Driver/Src/stm32l4xx_ll_usb.o
                0x000000000800b188                USB_DevInit
 .text.USB_FlushTxFifo
                0x000000000800b40c       0x4c Drivers/STM32L4xx_HAL_Driver/Src/stm32l4xx_ll_usb.o
                0x000000000800b40c                USB_FlushTxFifo
 .text.USB_FlushRxFifo
                0x000000000800b458       0x44 Drivers/STM32L4xx_HAL_Driver/Src/stm32l4xx_ll_usb.o
                0x000000000800b458                USB_FlushRxFifo
 .text.USB_SetDevSpeed
                0x000000000800b49c       0x32 Drivers/STM32L4xx_HAL_Driver/Src/stm32l4xx_ll_usb.o
                0x000000000800b49c                USB_SetDevSpeed
 .text.USB_DevDisconnect
                0x000000000800b4ce       0x30 Drivers/STM32L4xx_HAL_Driver/Src/stm32l4xx_ll_usb.o
                0x000000000800b4ce                USB_DevDisconnect
 *fill*         0x000000000800b4fe        0x2 
 .text.USB_CoreReset
                0x000000000800b500       0x68 Drivers/STM32L4xx_HAL_Driver/Src/stm32l4xx_ll_usb.o
 .text.__assert_func
                0x000000000800b568       0x3c c:/programfiles/stm32cubeide_1.0.1/stm32cubeide/plugins/com.st.stm32cube.ide.mcu.externaltools.gnu-tools-for-stm32.7-2018-q2-update.win32_1.0.0.201904181610/tools/bin/../lib/gcc/arm-none-eabi/7.3.1/../../../../arm-none-eabi/lib/thumb/v7e-m/fpv4-sp/hard\libc_nano.a(lib_a-assert.o)
                0x000000000800b568                __assert_func
 .text.__errno  0x000000000800b5a4        0xc c:/programfiles/stm32cubeide_1.0.1/stm32cubeide/plugins/com.st.stm32cube.ide.mcu.externaltools.gnu-tools-for-stm32.7-2018-q2-update.win32_1.0.0.201904181610/tools/bin/../lib/gcc/arm-none-eabi/7.3.1/../../../../arm-none-eabi/lib/thumb/v7e-m/fpv4-sp/hard\libc_nano.a(lib_a-errno.o)
                0x000000000800b5a4                __errno
 .text.fprintf  0x000000000800b5b0       0x24 c:/programfiles/stm32cubeide_1.0.1/stm32cubeide/plugins/com.st.stm32cube.ide.mcu.externaltools.gnu-tools-for-stm32.7-2018-q2-update.win32_1.0.0.201904181610/tools/bin/../lib/gcc/arm-none-eabi/7.3.1/../../../../arm-none-eabi/lib/thumb/v7e-m/fpv4-sp/hard\libc_nano.a(lib_a-fprintf.o)
                0x000000000800b5b0                fiprintf
                0x000000000800b5b0                fprintf
 .text.__libc_init_array
                0x000000000800b5d4       0x48 c:/programfiles/stm32cubeide_1.0.1/stm32cubeide/plugins/com.st.stm32cube.ide.mcu.externaltools.gnu-tools-for-stm32.7-2018-q2-update.win32_1.0.0.201904181610/tools/bin/../lib/gcc/arm-none-eabi/7.3.1/../../../../arm-none-eabi/lib/thumb/v7e-m/fpv4-sp/hard\libc_nano.a(lib_a-init.o)
                0x000000000800b5d4                __libc_init_array
 .text.memcpy   0x000000000800b61c       0x16 c:/programfiles/stm32cubeide_1.0.1/stm32cubeide/plugins/com.st.stm32cube.ide.mcu.externaltools.gnu-tools-for-stm32.7-2018-q2-update.win32_1.0.0.201904181610/tools/bin/../lib/gcc/arm-none-eabi/7.3.1/../../../../arm-none-eabi/lib/thumb/v7e-m/fpv4-sp/hard\libc_nano.a(lib_a-memcpy-stub.o)
                0x000000000800b61c                memcpy
 .text.memset   0x000000000800b632       0x10 c:/programfiles/stm32cubeide_1.0.1/stm32cubeide/plugins/com.st.stm32cube.ide.mcu.externaltools.gnu-tools-for-stm32.7-2018-q2-update.win32_1.0.0.201904181610/tools/bin/../lib/gcc/arm-none-eabi/7.3.1/../../../../arm-none-eabi/lib/thumb/v7e-m/fpv4-sp/hard\libc_nano.a(lib_a-memset.o)
                0x000000000800b632                memset
 .text.__sfputc_r
                0x000000000800b642       0x2e c:/programfiles/stm32cubeide_1.0.1/stm32cubeide/plugins/com.st.stm32cube.ide.mcu.externaltools.gnu-tools-for-stm32.7-2018-q2-update.win32_1.0.0.201904181610/tools/bin/../lib/gcc/arm-none-eabi/7.3.1/../../../../arm-none-eabi/lib/thumb/v7e-m/fpv4-sp/hard\libc_nano.a(lib_a-nano-vfprintf.o)
 .text.__sfputs_r
                0x000000000800b670       0x24 c:/programfiles/stm32cubeide_1.0.1/stm32cubeide/plugins/com.st.stm32cube.ide.mcu.externaltools.gnu-tools-for-stm32.7-2018-q2-update.win32_1.0.0.201904181610/tools/bin/../lib/gcc/arm-none-eabi/7.3.1/../../../../arm-none-eabi/lib/thumb/v7e-m/fpv4-sp/hard\libc_nano.a(lib_a-nano-vfprintf.o)
                0x000000000800b670                __sfputs_r
 .text._vfprintf_r
                0x000000000800b694      0x22c c:/programfiles/stm32cubeide_1.0.1/stm32cubeide/plugins/com.st.stm32cube.ide.mcu.externaltools.gnu-tools-for-stm32.7-2018-q2-update.win32_1.0.0.201904181610/tools/bin/../lib/gcc/arm-none-eabi/7.3.1/../../../../arm-none-eabi/lib/thumb/v7e-m/fpv4-sp/hard\libc_nano.a(lib_a-nano-vfprintf.o)
                0x000000000800b694                _vfprintf_r
                0x000000000800b694                _vfiprintf_r
 .text._printf_common
                0x000000000800b8c0       0xea c:/programfiles/stm32cubeide_1.0.1/stm32cubeide/plugins/com.st.stm32cube.ide.mcu.externaltools.gnu-tools-for-stm32.7-2018-q2-update.win32_1.0.0.201904181610/tools/bin/../lib/gcc/arm-none-eabi/7.3.1/../../../../arm-none-eabi/lib/thumb/v7e-m/fpv4-sp/hard\libc_nano.a(lib_a-nano-vfprintf_i.o)
                0x000000000800b8c0                _printf_common
 *fill*         0x000000000800b9aa        0x2 
 .text._printf_i
                0x000000000800b9ac      0x224 c:/programfiles/stm32cubeide_1.0.1/stm32cubeide/plugins/com.st.stm32cube.ide.mcu.externaltools.gnu-tools-for-stm32.7-2018-q2-update.win32_1.0.0.201904181610/tools/bin/../lib/gcc/arm-none-eabi/7.3.1/../../../../arm-none-eabi/lib/thumb/v7e-m/fpv4-sp/hard\libc_nano.a(lib_a-nano-vfprintf_i.o)
                0x000000000800b9ac                _printf_i
 .text.printf   0x000000000800bbd0       0x30 c:/programfiles/stm32cubeide_1.0.1/stm32cubeide/plugins/com.st.stm32cube.ide.mcu.externaltools.gnu-tools-for-stm32.7-2018-q2-update.win32_1.0.0.201904181610/tools/bin/../lib/gcc/arm-none-eabi/7.3.1/../../../../arm-none-eabi/lib/thumb/v7e-m/fpv4-sp/hard\libc_nano.a(lib_a-printf.o)
                0x000000000800bbd0                iprintf
                0x000000000800bbd0                printf
 .text._puts_r  0x000000000800bc00       0xb8 c:/programfiles/stm32cubeide_1.0.1/stm32cubeide/plugins/com.st.stm32cube.ide.mcu.externaltools.gnu-tools-for-stm32.7-2018-q2-update.win32_1.0.0.201904181610/tools/bin/../lib/gcc/arm-none-eabi/7.3.1/../../../../arm-none-eabi/lib/thumb/v7e-m/fpv4-sp/hard\libc_nano.a(lib_a-puts.o)
                0x000000000800bc00                _puts_r
 .text.puts     0x000000000800bcb8       0x10 c:/programfiles/stm32cubeide_1.0.1/stm32cubeide/plugins/com.st.stm32cube.ide.mcu.externaltools.gnu-tools-for-stm32.7-2018-q2-update.win32_1.0.0.201904181610/tools/bin/../lib/gcc/arm-none-eabi/7.3.1/../../../../arm-none-eabi/lib/thumb/v7e-m/fpv4-sp/hard\libc_nano.a(lib_a-puts.o)
                0x000000000800bcb8                puts
 .text.__swbuf_r
                0x000000000800bcc8       0xa4 c:/programfiles/stm32cubeide_1.0.1/stm32cubeide/plugins/com.st.stm32cube.ide.mcu.externaltools.gnu-tools-for-stm32.7-2018-q2-update.win32_1.0.0.201904181610/tools/bin/../lib/gcc/arm-none-eabi/7.3.1/../../../../arm-none-eabi/lib/thumb/v7e-m/fpv4-sp/hard\libc_nano.a(lib_a-wbuf.o)
                0x000000000800bcc8                __swbuf_r
 .text.__swsetup_r
                0x000000000800bd6c       0xdc c:/programfiles/stm32cubeide_1.0.1/stm32cubeide/plugins/com.st.stm32cube.ide.mcu.externaltools.gnu-tools-for-stm32.7-2018-q2-update.win32_1.0.0.201904181610/tools/bin/../lib/gcc/arm-none-eabi/7.3.1/../../../../arm-none-eabi/lib/thumb/v7e-m/fpv4-sp/hard\libc_nano.a(lib_a-wsetup.o)
                0x000000000800bd6c                __swsetup_r
 .text.abort    0x000000000800be48        0xe c:/programfiles/stm32cubeide_1.0.1/stm32cubeide/plugins/com.st.stm32cube.ide.mcu.externaltools.gnu-tools-for-stm32.7-2018-q2-update.win32_1.0.0.201904181610/tools/bin/../lib/gcc/arm-none-eabi/7.3.1/../../../../arm-none-eabi/lib/thumb/v7e-m/fpv4-sp/hard\libc_nano.a(lib_a-abort.o)
                0x000000000800be48                abort
 *fill*         0x000000000800be56        0x2 
 .text.__sflush_r
                0x000000000800be58      0x10c c:/programfiles/stm32cubeide_1.0.1/stm32cubeide/plugins/com.st.stm32cube.ide.mcu.externaltools.gnu-tools-for-stm32.7-2018-q2-update.win32_1.0.0.201904181610/tools/bin/../lib/gcc/arm-none-eabi/7.3.1/../../../../arm-none-eabi/lib/thumb/v7e-m/fpv4-sp/hard\libc_nano.a(lib_a-fflush.o)
                0x000000000800be58                __sflush_r
 .text._fflush_r
                0x000000000800bf64       0x54 c:/programfiles/stm32cubeide_1.0.1/stm32cubeide/plugins/com.st.stm32cube.ide.mcu.externaltools.gnu-tools-for-stm32.7-2018-q2-update.win32_1.0.0.201904181610/tools/bin/../lib/gcc/arm-none-eabi/7.3.1/../../../../arm-none-eabi/lib/thumb/v7e-m/fpv4-sp/hard\libc_nano.a(lib_a-fflush.o)
                0x000000000800bf64                _fflush_r
 .text.std      0x000000000800bfb8       0x48 c:/programfiles/stm32cubeide_1.0.1/stm32cubeide/plugins/com.st.stm32cube.ide.mcu.externaltools.gnu-tools-for-stm32.7-2018-q2-update.win32_1.0.0.201904181610/tools/bin/../lib/gcc/arm-none-eabi/7.3.1/../../../../arm-none-eabi/lib/thumb/v7e-m/fpv4-sp/hard\libc_nano.a(lib_a-findfp.o)
 .text._cleanup_r
                0x000000000800c000        0xc c:/programfiles/stm32cubeide_1.0.1/stm32cubeide/plugins/com.st.stm32cube.ide.mcu.externaltools.gnu-tools-for-stm32.7-2018-q2-update.win32_1.0.0.201904181610/tools/bin/../lib/gcc/arm-none-eabi/7.3.1/../../../../arm-none-eabi/lib/thumb/v7e-m/fpv4-sp/hard\libc_nano.a(lib_a-findfp.o)
                0x000000000800c000                _cleanup_r
 .text.__sfmoreglue
                0x000000000800c00c       0x2c c:/programfiles/stm32cubeide_1.0.1/stm32cubeide/plugins/com.st.stm32cube.ide.mcu.externaltools.gnu-tools-for-stm32.7-2018-q2-update.win32_1.0.0.201904181610/tools/bin/../lib/gcc/arm-none-eabi/7.3.1/../../../../arm-none-eabi/lib/thumb/v7e-m/fpv4-sp/hard\libc_nano.a(lib_a-findfp.o)
                0x000000000800c00c                __sfmoreglue
 .text.__sinit  0x000000000800c038       0x60 c:/programfiles/stm32cubeide_1.0.1/stm32cubeide/plugins/com.st.stm32cube.ide.mcu.externaltools.gnu-tools-for-stm32.7-2018-q2-update.win32_1.0.0.201904181610/tools/bin/../lib/gcc/arm-none-eabi/7.3.1/../../../../arm-none-eabi/lib/thumb/v7e-m/fpv4-sp/hard\libc_nano.a(lib_a-findfp.o)
                0x000000000800c038                __sinit
 .text.__sfp    0x000000000800c098       0x78 c:/programfiles/stm32cubeide_1.0.1/stm32cubeide/plugins/com.st.stm32cube.ide.mcu.externaltools.gnu-tools-for-stm32.7-2018-q2-update.win32_1.0.0.201904181610/tools/bin/../lib/gcc/arm-none-eabi/7.3.1/../../../../arm-none-eabi/lib/thumb/v7e-m/fpv4-sp/hard\libc_nano.a(lib_a-findfp.o)
                0x000000000800c098                __sfp
 .text._fwalk_reent
                0x000000000800c110       0x3c c:/programfiles/stm32cubeide_1.0.1/stm32cubeide/plugins/com.st.stm32cube.ide.mcu.externaltools.gnu-tools-for-stm32.7-2018-q2-update.win32_1.0.0.201904181610/tools/bin/../lib/gcc/arm-none-eabi/7.3.1/../../../../arm-none-eabi/lib/thumb/v7e-m/fpv4-sp/hard\libc_nano.a(lib_a-fwalk.o)
                0x000000000800c110                _fwalk_reent
 .text.__swhatbuf_r
                0x000000000800c14c       0x48 c:/programfiles/stm32cubeide_1.0.1/stm32cubeide/plugins/com.st.stm32cube.ide.mcu.externaltools.gnu-tools-for-stm32.7-2018-q2-update.win32_1.0.0.201904181610/tools/bin/../lib/gcc/arm-none-eabi/7.3.1/../../../../arm-none-eabi/lib/thumb/v7e-m/fpv4-sp/hard\libc_nano.a(lib_a-makebuf.o)
                0x000000000800c14c                __swhatbuf_r
 .text.__smakebuf_r
                0x000000000800c194       0x80 c:/programfiles/stm32cubeide_1.0.1/stm32cubeide/plugins/com.st.stm32cube.ide.mcu.externaltools.gnu-tools-for-stm32.7-2018-q2-update.win32_1.0.0.201904181610/tools/bin/../lib/gcc/arm-none-eabi/7.3.1/../../../../arm-none-eabi/lib/thumb/v7e-m/fpv4-sp/hard\libc_nano.a(lib_a-makebuf.o)
                0x000000000800c194                __smakebuf_r
 .text._free_r  0x000000000800c214       0x9c c:/programfiles/stm32cubeide_1.0.1/stm32cubeide/plugins/com.st.stm32cube.ide.mcu.externaltools.gnu-tools-for-stm32.7-2018-q2-update.win32_1.0.0.201904181610/tools/bin/../lib/gcc/arm-none-eabi/7.3.1/../../../../arm-none-eabi/lib/thumb/v7e-m/fpv4-sp/hard\libc_nano.a(lib_a-nano-freer.o)
                0x000000000800c214                _free_r
 .text._malloc_r
                0x000000000800c2b0       0xb4 c:/programfiles/stm32cubeide_1.0.1/stm32cubeide/plugins/com.st.stm32cube.ide.mcu.externaltools.gnu-tools-for-stm32.7-2018-q2-update.win32_1.0.0.201904181610/tools/bin/../lib/gcc/arm-none-eabi/7.3.1/../../../../arm-none-eabi/lib/thumb/v7e-m/fpv4-sp/hard\libc_nano.a(lib_a-nano-mallocr.o)
                0x000000000800c2b0                _malloc_r
 .text._sbrk_r  0x000000000800c364       0x20 c:/programfiles/stm32cubeide_1.0.1/stm32cubeide/plugins/com.st.stm32cube.ide.mcu.externaltools.gnu-tools-for-stm32.7-2018-q2-update.win32_1.0.0.201904181610/tools/bin/../lib/gcc/arm-none-eabi/7.3.1/../../../../arm-none-eabi/lib/thumb/v7e-m/fpv4-sp/hard\libc_nano.a(lib_a-sbrkr.o)
                0x000000000800c364                _sbrk_r
 .text._raise_r
                0x000000000800c384       0x50 c:/programfiles/stm32cubeide_1.0.1/stm32cubeide/plugins/com.st.stm32cube.ide.mcu.externaltools.gnu-tools-for-stm32.7-2018-q2-update.win32_1.0.0.201904181610/tools/bin/../lib/gcc/arm-none-eabi/7.3.1/../../../../arm-none-eabi/lib/thumb/v7e-m/fpv4-sp/hard\libc_nano.a(lib_a-signal.o)
                0x000000000800c384                _raise_r
 .text.raise    0x000000000800c3d4       0x10 c:/programfiles/stm32cubeide_1.0.1/stm32cubeide/plugins/com.st.stm32cube.ide.mcu.externaltools.gnu-tools-for-stm32.7-2018-q2-update.win32_1.0.0.201904181610/tools/bin/../lib/gcc/arm-none-eabi/7.3.1/../../../../arm-none-eabi/lib/thumb/v7e-m/fpv4-sp/hard\libc_nano.a(lib_a-signal.o)
                0x000000000800c3d4                raise
 .text._kill_r  0x000000000800c3e4       0x24 c:/programfiles/stm32cubeide_1.0.1/stm32cubeide/plugins/com.st.stm32cube.ide.mcu.externaltools.gnu-tools-for-stm32.7-2018-q2-update.win32_1.0.0.201904181610/tools/bin/../lib/gcc/arm-none-eabi/7.3.1/../../../../arm-none-eabi/lib/thumb/v7e-m/fpv4-sp/hard\libc_nano.a(lib_a-signalr.o)
                0x000000000800c3e4                _kill_r
 .text._getpid_r
                0x000000000800c408        0x4 c:/programfiles/stm32cubeide_1.0.1/stm32cubeide/plugins/com.st.stm32cube.ide.mcu.externaltools.gnu-tools-for-stm32.7-2018-q2-update.win32_1.0.0.201904181610/tools/bin/../lib/gcc/arm-none-eabi/7.3.1/../../../../arm-none-eabi/lib/thumb/v7e-m/fpv4-sp/hard\libc_nano.a(lib_a-signalr.o)
                0x000000000800c408                _getpid_r
 .text.__sread  0x000000000800c40c       0x22 c:/programfiles/stm32cubeide_1.0.1/stm32cubeide/plugins/com.st.stm32cube.ide.mcu.externaltools.gnu-tools-for-stm32.7-2018-q2-update.win32_1.0.0.201904181610/tools/bin/../lib/gcc/arm-none-eabi/7.3.1/../../../../arm-none-eabi/lib/thumb/v7e-m/fpv4-sp/hard\libc_nano.a(lib_a-stdio.o)
                0x000000000800c40c                __sread
 .text.__swrite
                0x000000000800c42e       0x38 c:/programfiles/stm32cubeide_1.0.1/stm32cubeide/plugins/com.st.stm32cube.ide.mcu.externaltools.gnu-tools-for-stm32.7-2018-q2-update.win32_1.0.0.201904181610/tools/bin/../lib/gcc/arm-none-eabi/7.3.1/../../../../arm-none-eabi/lib/thumb/v7e-m/fpv4-sp/hard\libc_nano.a(lib_a-stdio.o)
                0x000000000800c42e                __swrite
 .text.__sseek  0x000000000800c466       0x24 c:/programfiles/stm32cubeide_1.0.1/stm32cubeide/plugins/com.st.stm32cube.ide.mcu.externaltools.gnu-tools-for-stm32.7-2018-q2-update.win32_1.0.0.201904181610/tools/bin/../lib/gcc/arm-none-eabi/7.3.1/../../../../arm-none-eabi/lib/thumb/v7e-m/fpv4-sp/hard\libc_nano.a(lib_a-stdio.o)
                0x000000000800c466                __sseek
 .text.__sclose
                0x000000000800c48a        0x8 c:/programfiles/stm32cubeide_1.0.1/stm32cubeide/plugins/com.st.stm32cube.ide.mcu.externaltools.gnu-tools-for-stm32.7-2018-q2-update.win32_1.0.0.201904181610/tools/bin/../lib/gcc/arm-none-eabi/7.3.1/../../../../arm-none-eabi/lib/thumb/v7e-m/fpv4-sp/hard\libc_nano.a(lib_a-stdio.o)
                0x000000000800c48a                __sclose
 *fill*         0x000000000800c492        0x2 
 .text._write_r
                0x000000000800c494       0x24 c:/programfiles/stm32cubeide_1.0.1/stm32cubeide/plugins/com.st.stm32cube.ide.mcu.externaltools.gnu-tools-for-stm32.7-2018-q2-update.win32_1.0.0.201904181610/tools/bin/../lib/gcc/arm-none-eabi/7.3.1/../../../../arm-none-eabi/lib/thumb/v7e-m/fpv4-sp/hard\libc_nano.a(lib_a-writer.o)
                0x000000000800c494                _write_r
 .text._close_r
                0x000000000800c4b8       0x20 c:/programfiles/stm32cubeide_1.0.1/stm32cubeide/plugins/com.st.stm32cube.ide.mcu.externaltools.gnu-tools-for-stm32.7-2018-q2-update.win32_1.0.0.201904181610/tools/bin/../lib/gcc/arm-none-eabi/7.3.1/../../../../arm-none-eabi/lib/thumb/v7e-m/fpv4-sp/hard\libc_nano.a(lib_a-closer.o)
                0x000000000800c4b8                _close_r
 .text._fstat_r
                0x000000000800c4d8       0x24 c:/programfiles/stm32cubeide_1.0.1/stm32cubeide/plugins/com.st.stm32cube.ide.mcu.externaltools.gnu-tools-for-stm32.7-2018-q2-update.win32_1.0.0.201904181610/tools/bin/../lib/gcc/arm-none-eabi/7.3.1/../../../../arm-none-eabi/lib/thumb/v7e-m/fpv4-sp/hard\libc_nano.a(lib_a-fstatr.o)
                0x000000000800c4d8                _fstat_r
 .text._isatty_r
                0x000000000800c4fc       0x20 c:/programfiles/stm32cubeide_1.0.1/stm32cubeide/plugins/com.st.stm32cube.ide.mcu.externaltools.gnu-tools-for-stm32.7-2018-q2-update.win32_1.0.0.201904181610/tools/bin/../lib/gcc/arm-none-eabi/7.3.1/../../../../arm-none-eabi/lib/thumb/v7e-m/fpv4-sp/hard\libc_nano.a(lib_a-isattyr.o)
                0x000000000800c4fc                _isatty_r
 .text._lseek_r
                0x000000000800c51c       0x24 c:/programfiles/stm32cubeide_1.0.1/stm32cubeide/plugins/com.st.stm32cube.ide.mcu.externaltools.gnu-tools-for-stm32.7-2018-q2-update.win32_1.0.0.201904181610/tools/bin/../lib/gcc/arm-none-eabi/7.3.1/../../../../arm-none-eabi/lib/thumb/v7e-m/fpv4-sp/hard\libc_nano.a(lib_a-lseekr.o)
                0x000000000800c51c                _lseek_r
 .text.__malloc_lock
                0x000000000800c540        0x2 c:/programfiles/stm32cubeide_1.0.1/stm32cubeide/plugins/com.st.stm32cube.ide.mcu.externaltools.gnu-tools-for-stm32.7-2018-q2-update.win32_1.0.0.201904181610/tools/bin/../lib/gcc/arm-none-eabi/7.3.1/../../../../arm-none-eabi/lib/thumb/v7e-m/fpv4-sp/hard\libc_nano.a(lib_a-mlock.o)
                0x000000000800c540                __malloc_lock
 .text.__malloc_unlock
                0x000000000800c542        0x2 c:/programfiles/stm32cubeide_1.0.1/stm32cubeide/plugins/com.st.stm32cube.ide.mcu.externaltools.gnu-tools-for-stm32.7-2018-q2-update.win32_1.0.0.201904181610/tools/bin/../lib/gcc/arm-none-eabi/7.3.1/../../../../arm-none-eabi/lib/thumb/v7e-m/fpv4-sp/hard\libc_nano.a(lib_a-mlock.o)
                0x000000000800c542                __malloc_unlock
 .text._read_r  0x000000000800c544       0x24 c:/programfiles/stm32cubeide_1.0.1/stm32cubeide/plugins/com.st.stm32cube.ide.mcu.externaltools.gnu-tools-for-stm32.7-2018-q2-update.win32_1.0.0.201904181610/tools/bin/../lib/gcc/arm-none-eabi/7.3.1/../../../../arm-none-eabi/lib/thumb/v7e-m/fpv4-sp/hard\libc_nano.a(lib_a-readr.o)
                0x000000000800c544                _read_r
 *(.glue_7)
 .glue_7        0x000000000800c568        0x0 linker stubs
 *(.glue_7t)
 .glue_7t       0x000000000800c568        0x0 linker stubs
 *(.eh_frame)
 .eh_frame      0x000000000800c568        0x0 c:/programfiles/stm32cubeide_1.0.1/stm32cubeide/plugins/com.st.stm32cube.ide.mcu.externaltools.gnu-tools-for-stm32.7-2018-q2-update.win32_1.0.0.201904181610/tools/bin/../lib/gcc/arm-none-eabi/7.3.1/thumb/v7e-m/fpv4-sp/hard/crtbegin.o
 *(.init)
 .init          0x000000000800c568        0x4 c:/programfiles/stm32cubeide_1.0.1/stm32cubeide/plugins/com.st.stm32cube.ide.mcu.externaltools.gnu-tools-for-stm32.7-2018-q2-update.win32_1.0.0.201904181610/tools/bin/../lib/gcc/arm-none-eabi/7.3.1/thumb/v7e-m/fpv4-sp/hard/crti.o
                0x000000000800c568                _init
 .init          0x000000000800c56c        0x8 c:/programfiles/stm32cubeide_1.0.1/stm32cubeide/plugins/com.st.stm32cube.ide.mcu.externaltools.gnu-tools-for-stm32.7-2018-q2-update.win32_1.0.0.201904181610/tools/bin/../lib/gcc/arm-none-eabi/7.3.1/thumb/v7e-m/fpv4-sp/hard/crtn.o
 *(.fini)
 .fini          0x000000000800c574        0x4 c:/programfiles/stm32cubeide_1.0.1/stm32cubeide/plugins/com.st.stm32cube.ide.mcu.externaltools.gnu-tools-for-stm32.7-2018-q2-update.win32_1.0.0.201904181610/tools/bin/../lib/gcc/arm-none-eabi/7.3.1/thumb/v7e-m/fpv4-sp/hard/crti.o
                0x000000000800c574                _fini
 .fini          0x000000000800c578        0x8 c:/programfiles/stm32cubeide_1.0.1/stm32cubeide/plugins/com.st.stm32cube.ide.mcu.externaltools.gnu-tools-for-stm32.7-2018-q2-update.win32_1.0.0.201904181610/tools/bin/../lib/gcc/arm-none-eabi/7.3.1/thumb/v7e-m/fpv4-sp/hard/crtn.o
                0x000000000800c580                . = ALIGN (0x4)
                0x000000000800c580                _etext = .

.vfp11_veneer   0x000000000800c580        0x0
 .vfp11_veneer  0x000000000800c580        0x0 linker stubs

.v4_bx          0x000000000800c580        0x0
 .v4_bx         0x000000000800c580        0x0 linker stubs

.iplt           0x000000000800c580        0x0
 .iplt          0x000000000800c580        0x0 c:/programfiles/stm32cubeide_1.0.1/stm32cubeide/plugins/com.st.stm32cube.ide.mcu.externaltools.gnu-tools-for-stm32.7-2018-q2-update.win32_1.0.0.201904181610/tools/bin/../lib/gcc/arm-none-eabi/7.3.1/thumb/v7e-m/fpv4-sp/hard/crtbegin.o

.rodata         0x000000000800c580      0xc50
                0x000000000800c580                . = ALIGN (0x4)
 *(.rodata)
 .rodata        0x000000000800c580       0x5b Core/Src/App/ecat_slv.o
 *fill*         0x000000000800c5db        0x1 
 .rodata        0x000000000800c5dc       0x10 Core/Src/App/esc.o
 .rodata        0x000000000800c5ec       0x80 Core/Src/App/esc_coe.o
 .rodata        0x000000000800c66c       0x14 Core/Src/App/slave_objectlist.o
 .rodata        0x000000000800c680       0x21 Core/Src/main.o
 *fill*         0x000000000800c6a1        0x3 
 .rodata        0x000000000800c6a4       0x10 Drivers/STM32L4xx_HAL_Driver/Src/stm32l4xx_hal_uart_ex.o
 *(.rodata*)
 .rodata.__func__.6418
                0x000000000800c6b4        0xd Core/Src/App/esc_coe.o
 *fill*         0x000000000800c6c1        0x3 
 .rodata.__func__.6464
                0x000000000800c6c4        0xc Core/Src/App/esc_coe.o
 .rodata.__func__.6477
                0x000000000800c6d0        0xe Core/Src/App/esc_coe.o
 *fill*         0x000000000800c6de        0x2 
 .rodata.acName1000
                0x000000000800c6e0        0xc Core/Src/App/slave_objectlist.o
 .rodata.acName1008
                0x000000000800c6ec        0xc Core/Src/App/slave_objectlist.o
 .rodata.acName1009
                0x000000000800c6f8       0x11 Core/Src/App/slave_objectlist.o
 *fill*         0x000000000800c709        0x3 
 .rodata.acName100A
                0x000000000800c70c       0x11 Core/Src/App/slave_objectlist.o
 *fill*         0x000000000800c71d        0x3 
 .rodata.acName1018
                0x000000000800c720       0x10 Core/Src/App/slave_objectlist.o
 .rodata.acName1018_00
                0x000000000800c730        0xd Core/Src/App/slave_objectlist.o
 *fill*         0x000000000800c73d        0x3 
 .rodata.acName1018_01
                0x000000000800c740        0xa Core/Src/App/slave_objectlist.o
 *fill*         0x000000000800c74a        0x2 
 .rodata.acName1018_02
                0x000000000800c74c        0xd Core/Src/App/slave_objectlist.o
 *fill*         0x000000000800c759        0x3 
 .rodata.acName1018_03
                0x000000000800c75c       0x10 Core/Src/App/slave_objectlist.o
 .rodata.acName1018_04
                0x000000000800c76c        0xe Core/Src/App/slave_objectlist.o
 *fill*         0x000000000800c77a        0x2 
 .rodata.acName1600
                0x000000000800c77c        0x7 Core/Src/App/slave_objectlist.o
 *fill*         0x000000000800c783        0x1 
 .rodata.acName1600_00
                0x000000000800c784        0xd Core/Src/App/slave_objectlist.o
 *fill*         0x000000000800c791        0x3 
 .rodata.acName1600_01
                0x000000000800c794        0x9 Core/Src/App/slave_objectlist.o
 *fill*         0x000000000800c79d        0x3 
 .rodata.acName1600_02
                0x000000000800c7a0        0x9 Core/Src/App/slave_objectlist.o
 *fill*         0x000000000800c7a9        0x3 
 .rodata.acName1600_03
                0x000000000800c7ac        0xa Core/Src/App/slave_objectlist.o
 *fill*         0x000000000800c7b6        0x2 
 .rodata.acName1601
                0x000000000800c7b8        0xb Core/Src/App/slave_objectlist.o
 *fill*         0x000000000800c7c3        0x1 
 .rodata.acName1601_00
                0x000000000800c7c4        0xd Core/Src/App/slave_objectlist.o
 *fill*         0x000000000800c7d1        0x3 
 .rodata.acName1601_01
                0x000000000800c7d4        0xb Core/Src/App/slave_objectlist.o
 *fill*         0x000000000800c7df        0x1 
 .rodata.acName1602
                0x000000000800c7e0        0xc Core/Src/App/slave_objectlist.o
 .rodata.acName1602_00
                0x000000000800c7ec        0xd Core/Src/App/slave_objectlist.o
 *fill*         0x000000000800c7f9        0x3 
 .rodata.acName1602_01
                0x000000000800c7fc        0xc Core/Src/App/slave_objectlist.o
 .rodata.acName1602_02
                0x000000000800c808        0xa Core/Src/App/slave_objectlist.o
 *fill*         0x000000000800c812        0x2 
 .rodata.acName1603
                0x000000000800c814        0x4 Core/Src/App/slave_objectlist.o
 .rodata.acName1603_00
                0x000000000800c818        0xd Core/Src/App/slave_objectlist.o
 *fill*         0x000000000800c825        0x3 
 .rodata.acName1603_01
                0x000000000800c828        0x4 Core/Src/App/slave_objectlist.o
 .rodata.acName1A00
                0x000000000800c82c        0x4 Core/Src/App/slave_objectlist.o
 .rodata.acName1A00_00
                0x000000000800c830        0xd Core/Src/App/slave_objectlist.o
 *fill*         0x000000000800c83d        0x3 
 .rodata.acName1A00_01
                0x000000000800c840        0x8 Core/Src/App/slave_objectlist.o
 .rodata.acName1A00_02
                0x000000000800c848        0x9 Core/Src/App/slave_objectlist.o
 *fill*         0x000000000800c851        0x3 
 .rodata.acName1A00_03
                0x000000000800c854        0xa Core/Src/App/slave_objectlist.o
 *fill*         0x000000000800c85e        0x2 
 .rodata.acName1A00_04
                0x000000000800c860        0xa Core/Src/App/slave_objectlist.o
 *fill*         0x000000000800c86a        0x2 
 .rodata.acName1A01
                0x000000000800c86c        0x8 Core/Src/App/slave_objectlist.o
 .rodata.acName1A01_00
                0x000000000800c874        0xd Core/Src/App/slave_objectlist.o
 *fill*         0x000000000800c881        0x3 
 .rodata.acName1A01_01
                0x000000000800c884        0x8 Core/Src/App/slave_objectlist.o
 .rodata.acName1A02
                0x000000000800c88c        0xb Core/Src/App/slave_objectlist.o
 *fill*         0x000000000800c897        0x1 
 .rodata.acName1A02_00
                0x000000000800c898        0xd Core/Src/App/slave_objectlist.o
 *fill*         0x000000000800c8a5        0x3 
 .rodata.acName1A02_01
                0x000000000800c8a8        0xb Core/Src/App/slave_objectlist.o
 *fill*         0x000000000800c8b3        0x1 
 .rodata.acName1A02_02
                0x000000000800c8b4        0xa Core/Src/App/slave_objectlist.o
 *fill*         0x000000000800c8be        0x2 
 .rodata.acName1C00
                0x000000000800c8c0       0x20 Core/Src/App/slave_objectlist.o
 .rodata.acName1C00_00
                0x000000000800c8e0        0xd Core/Src/App/slave_objectlist.o
 *fill*         0x000000000800c8ed        0x3 
 .rodata.acName1C00_01
                0x000000000800c8f0       0x18 Core/Src/App/slave_objectlist.o
 .rodata.acName1C00_02
                0x000000000800c908       0x18 Core/Src/App/slave_objectlist.o
 .rodata.acName1C00_03
                0x000000000800c920       0x18 Core/Src/App/slave_objectlist.o
 .rodata.acName1C00_04
                0x000000000800c938       0x18 Core/Src/App/slave_objectlist.o
 .rodata.acName1C12
                0x000000000800c950       0x1e Core/Src/App/slave_objectlist.o
 *fill*         0x000000000800c96e        0x2 
 .rodata.acName1C12_00
                0x000000000800c970        0xd Core/Src/App/slave_objectlist.o
 *fill*         0x000000000800c97d        0x3 
 .rodata.acName1C12_01
                0x000000000800c980        0xc Core/Src/App/slave_objectlist.o
 .rodata.acName1C12_02
                0x000000000800c98c        0xc Core/Src/App/slave_objectlist.o
 .rodata.acName1C12_03
                0x000000000800c998        0xc Core/Src/App/slave_objectlist.o
 .rodata.acName1C12_04
                0x000000000800c9a4        0xc Core/Src/App/slave_objectlist.o
 .rodata.acName1C13
                0x000000000800c9b0       0x1e Core/Src/App/slave_objectlist.o
 *fill*         0x000000000800c9ce        0x2 
 .rodata.acName1C13_00
                0x000000000800c9d0        0xd Core/Src/App/slave_objectlist.o
 *fill*         0x000000000800c9dd        0x3 
 .rodata.acName1C13_01
                0x000000000800c9e0        0xc Core/Src/App/slave_objectlist.o
 .rodata.acName1C13_02
                0x000000000800c9ec        0xc Core/Src/App/slave_objectlist.o
 .rodata.acName1C13_03
                0x000000000800c9f8        0xc Core/Src/App/slave_objectlist.o
 .rodata.acName6000
                0x000000000800ca04        0x4 Core/Src/App/slave_objectlist.o
 .rodata.acName6000_00
                0x000000000800ca08        0xd Core/Src/App/slave_objectlist.o
 *fill*         0x000000000800ca15        0x3 
 .rodata.acName6000_01
                0x000000000800ca18        0x8 Core/Src/App/slave_objectlist.o
 .rodata.acName6000_02
                0x000000000800ca20        0x9 Core/Src/App/slave_objectlist.o
 *fill*         0x000000000800ca29        0x3 
 .rodata.acName6000_03
                0x000000000800ca2c        0xa Core/Src/App/slave_objectlist.o
 *fill*         0x000000000800ca36        0x2 
 .rodata.acName6001
                0x000000000800ca38        0x8 Core/Src/App/slave_objectlist.o
 .rodata.acName6002
                0x000000000800ca40        0xb Core/Src/App/slave_objectlist.o
 *fill*         0x000000000800ca4b        0x1 
 .rodata.acName7000
                0x000000000800ca4c        0x7 Core/Src/App/slave_objectlist.o
 *fill*         0x000000000800ca53        0x1 
 .rodata.acName7000_00
                0x000000000800ca54        0xd Core/Src/App/slave_objectlist.o
 *fill*         0x000000000800ca61        0x3 
 .rodata.acName7000_01
                0x000000000800ca64        0x9 Core/Src/App/slave_objectlist.o
 *fill*         0x000000000800ca6d        0x3 
 .rodata.acName7000_02
                0x000000000800ca70        0x9 Core/Src/App/slave_objectlist.o
 *fill*         0x000000000800ca79        0x3 
 .rodata.acName7001
                0x000000000800ca7c        0xb Core/Src/App/slave_objectlist.o
 *fill*         0x000000000800ca87        0x1 
 .rodata.acName7002
                0x000000000800ca88        0xc Core/Src/App/slave_objectlist.o
 .rodata.acName7003
                0x000000000800ca94        0x4 Core/Src/App/slave_objectlist.o
 .rodata.acName8000
                0x000000000800ca98        0xb Core/Src/App/slave_objectlist.o
 *fill*         0x000000000800caa3        0x1 
 .rodata.acName8000_00
                0x000000000800caa4        0xd Core/Src/App/slave_objectlist.o
 *fill*         0x000000000800cab1        0x3 
 .rodata.acName8000_01
                0x000000000800cab4        0xb Core/Src/App/slave_objectlist.o
 *fill*         0x000000000800cabf        0x1 
 .rodata.acName8000_02
                0x000000000800cac0        0x6 Core/Src/App/slave_objectlist.o
 *fill*         0x000000000800cac6        0x2 
 .rodata.SDO1000
                0x000000000800cac8       0x14 Core/Src/App/slave_objectlist.o
                0x000000000800cac8                SDO1000
 .rodata.SDO1008
                0x000000000800cadc       0x14 Core/Src/App/slave_objectlist.o
                0x000000000800cadc                SDO1008
 .rodata.SDO1009
                0x000000000800caf0       0x14 Core/Src/App/slave_objectlist.o
                0x000000000800caf0                SDO1009
 .rodata.SDO100A
                0x000000000800cb04       0x14 Core/Src/App/slave_objectlist.o
                0x000000000800cb04                SDO100A
 .rodata.SDO1018
                0x000000000800cb18       0x64 Core/Src/App/slave_objectlist.o
                0x000000000800cb18                SDO1018
 .rodata.SDO1600
                0x000000000800cb7c       0x50 Core/Src/App/slave_objectlist.o
                0x000000000800cb7c                SDO1600
 .rodata.SDO1601
                0x000000000800cbcc       0x28 Core/Src/App/slave_objectlist.o
                0x000000000800cbcc                SDO1601
 .rodata.SDO1602
                0x000000000800cbf4       0x3c Core/Src/App/slave_objectlist.o
                0x000000000800cbf4                SDO1602
 .rodata.SDO1603
                0x000000000800cc30       0x28 Core/Src/App/slave_objectlist.o
                0x000000000800cc30                SDO1603
 .rodata.SDO1A00
                0x000000000800cc58       0x64 Core/Src/App/slave_objectlist.o
                0x000000000800cc58                SDO1A00
 .rodata.SDO1A01
                0x000000000800ccbc       0x28 Core/Src/App/slave_objectlist.o
                0x000000000800ccbc                SDO1A01
 .rodata.SDO1A02
                0x000000000800cce4       0x3c Core/Src/App/slave_objectlist.o
                0x000000000800cce4                SDO1A02
 .rodata.SDO1C00
                0x000000000800cd20       0x64 Core/Src/App/slave_objectlist.o
                0x000000000800cd20                SDO1C00
 .rodata.SDO1C12
                0x000000000800cd84       0x64 Core/Src/App/slave_objectlist.o
                0x000000000800cd84                SDO1C12
 .rodata.SDO1C13
                0x000000000800cde8       0x50 Core/Src/App/slave_objectlist.o
                0x000000000800cde8                SDO1C13
 .rodata.SDO6000
                0x000000000800ce38       0x50 Core/Src/App/slave_objectlist.o
                0x000000000800ce38                SDO6000
 .rodata.SDO6001
                0x000000000800ce88       0x14 Core/Src/App/slave_objectlist.o
                0x000000000800ce88                SDO6001
 .rodata.SDO6002
                0x000000000800ce9c       0x14 Core/Src/App/slave_objectlist.o
                0x000000000800ce9c                SDO6002
 .rodata.SDO7000
                0x000000000800ceb0       0x3c Core/Src/App/slave_objectlist.o
                0x000000000800ceb0                SDO7000
 .rodata.SDO7001
                0x000000000800ceec       0x14 Core/Src/App/slave_objectlist.o
                0x000000000800ceec                SDO7001
 .rodata.SDO7002
                0x000000000800cf00       0x14 Core/Src/App/slave_objectlist.o
                0x000000000800cf00                SDO7002
 .rodata.SDO7003
                0x000000000800cf14       0x14 Core/Src/App/slave_objectlist.o
                0x000000000800cf14                SDO7003
 .rodata.SDO8000
                0x000000000800cf28       0x3c Core/Src/App/slave_objectlist.o
                0x000000000800cf28                SDO8000
 .rodata.SDOobjects
                0x000000000800cf64      0x150 Core/Src/App/slave_objectlist.o
                0x000000000800cf64                SDOobjects
 .rodata.AHBPrescTable
                0x000000000800d0b4       0x10 Core/Src/system_stm32l4xx.o
                0x000000000800d0b4                AHBPrescTable
 .rodata.APBPrescTable
                0x000000000800d0c4        0x8 Core/Src/system_stm32l4xx.o
                0x000000000800d0c4                APBPrescTable
 .rodata.MSIRangeTable
                0x000000000800d0cc       0x30 Core/Src/system_stm32l4xx.o
                0x000000000800d0cc                MSIRangeTable
 .rodata.__assert_func.str1.1
                0x000000000800d0fc       0x3c c:/programfiles/stm32cubeide_1.0.1/stm32cubeide/plugins/com.st.stm32cube.ide.mcu.externaltools.gnu-tools-for-stm32.7-2018-q2-update.win32_1.0.0.201904181610/tools/bin/../lib/gcc/arm-none-eabi/7.3.1/../../../../arm-none-eabi/lib/thumb/v7e-m/fpv4-sp/hard\libc_nano.a(lib_a-assert.o)
                                         0x3d (size before relaxing)
 .rodata._global_impure_ptr
                0x000000000800d138        0x4 c:/programfiles/stm32cubeide_1.0.1/stm32cubeide/plugins/com.st.stm32cube.ide.mcu.externaltools.gnu-tools-for-stm32.7-2018-q2-update.win32_1.0.0.201904181610/tools/bin/../lib/gcc/arm-none-eabi/7.3.1/../../../../arm-none-eabi/lib/thumb/v7e-m/fpv4-sp/hard\libc_nano.a(lib_a-impure.o)
                0x000000000800d138                _global_impure_ptr
 .rodata._vfprintf_r.str1.1
                0x000000000800d13c       0x11 c:/programfiles/stm32cubeide_1.0.1/stm32cubeide/plugins/com.st.stm32cube.ide.mcu.externaltools.gnu-tools-for-stm32.7-2018-q2-update.win32_1.0.0.201904181610/tools/bin/../lib/gcc/arm-none-eabi/7.3.1/../../../../arm-none-eabi/lib/thumb/v7e-m/fpv4-sp/hard\libc_nano.a(lib_a-nano-vfprintf.o)
 .rodata._printf_i.str1.1
                0x000000000800d14d       0x22 c:/programfiles/stm32cubeide_1.0.1/stm32cubeide/plugins/com.st.stm32cube.ide.mcu.externaltools.gnu-tools-for-stm32.7-2018-q2-update.win32_1.0.0.201904181610/tools/bin/../lib/gcc/arm-none-eabi/7.3.1/../../../../arm-none-eabi/lib/thumb/v7e-m/fpv4-sp/hard\libc_nano.a(lib_a-nano-vfprintf_i.o)
 *fill*         0x000000000800d16f        0x1 
 .rodata.__sf_fake_stderr
                0x000000000800d170       0x20 c:/programfiles/stm32cubeide_1.0.1/stm32cubeide/plugins/com.st.stm32cube.ide.mcu.externaltools.gnu-tools-for-stm32.7-2018-q2-update.win32_1.0.0.201904181610/tools/bin/../lib/gcc/arm-none-eabi/7.3.1/../../../../arm-none-eabi/lib/thumb/v7e-m/fpv4-sp/hard\libc_nano.a(lib_a-findfp.o)
                0x000000000800d170                __sf_fake_stderr
 .rodata.__sf_fake_stdin
                0x000000000800d190       0x20 c:/programfiles/stm32cubeide_1.0.1/stm32cubeide/plugins/com.st.stm32cube.ide.mcu.externaltools.gnu-tools-for-stm32.7-2018-q2-update.win32_1.0.0.201904181610/tools/bin/../lib/gcc/arm-none-eabi/7.3.1/../../../../arm-none-eabi/lib/thumb/v7e-m/fpv4-sp/hard\libc_nano.a(lib_a-findfp.o)
                0x000000000800d190                __sf_fake_stdin
 .rodata.__sf_fake_stdout
                0x000000000800d1b0       0x20 c:/programfiles/stm32cubeide_1.0.1/stm32cubeide/plugins/com.st.stm32cube.ide.mcu.externaltools.gnu-tools-for-stm32.7-2018-q2-update.win32_1.0.0.201904181610/tools/bin/../lib/gcc/arm-none-eabi/7.3.1/../../../../arm-none-eabi/lib/thumb/v7e-m/fpv4-sp/hard\libc_nano.a(lib_a-findfp.o)
                0x000000000800d1b0                __sf_fake_stdout
                0x000000000800d1d0                . = ALIGN (0x4)

.ARM.extab      0x000000000800d1d0        0x0
                0x000000000800d1d0                . = ALIGN (0x4)
 *(.ARM.extab* .gnu.linkonce.armextab.*)
                0x000000000800d1d0                . = ALIGN (0x4)

.ARM            0x000000000800d1d0        0x8
                0x000000000800d1d0                . = ALIGN (0x4)
                0x000000000800d1d0                __exidx_start = .
 *(.ARM.exidx*)
 .ARM.exidx     0x000000000800d1d0        0x8 c:/programfiles/stm32cubeide_1.0.1/stm32cubeide/plugins/com.st.stm32cube.ide.mcu.externaltools.gnu-tools-for-stm32.7-2018-q2-update.win32_1.0.0.201904181610/tools/bin/../lib/gcc/arm-none-eabi/7.3.1/thumb/v7e-m/fpv4-sp/hard\libgcc.a(_udivmoddi4.o)
                0x000000000800d1d8                __exidx_end = .
                0x000000000800d1d8                . = ALIGN (0x4)

.rel.dyn        0x000000000800d1d8        0x0
 .rel.iplt      0x000000000800d1d8        0x0 c:/programfiles/stm32cubeide_1.0.1/stm32cubeide/plugins/com.st.stm32cube.ide.mcu.externaltools.gnu-tools-for-stm32.7-2018-q2-update.win32_1.0.0.201904181610/tools/bin/../lib/gcc/arm-none-eabi/7.3.1/thumb/v7e-m/fpv4-sp/hard/crtbegin.o

.preinit_array  0x000000000800d1d8        0x0
                0x000000000800d1d8                . = ALIGN (0x4)
                0x000000000800d1d8                PROVIDE (__preinit_array_start = .)
 *(.preinit_array*)
                0x000000000800d1d8                PROVIDE (__preinit_array_end = .)
                0x000000000800d1d8                . = ALIGN (0x4)

.init_array     0x000000000800d1d8        0x4
                0x000000000800d1d8                . = ALIGN (0x4)
                0x000000000800d1d8                PROVIDE (__init_array_start = .)
 *(SORT_BY_NAME(.init_array.*))
 *(.init_array*)
 .init_array    0x000000000800d1d8        0x4 c:/programfiles/stm32cubeide_1.0.1/stm32cubeide/plugins/com.st.stm32cube.ide.mcu.externaltools.gnu-tools-for-stm32.7-2018-q2-update.win32_1.0.0.201904181610/tools/bin/../lib/gcc/arm-none-eabi/7.3.1/thumb/v7e-m/fpv4-sp/hard/crtbegin.o
                0x000000000800d1dc                PROVIDE (__init_array_end = .)
                0x000000000800d1dc                . = ALIGN (0x4)

.fini_array     0x000000000800d1dc        0x4
                0x000000000800d1dc                . = ALIGN (0x4)
                [!provide]                        PROVIDE (__fini_array_start = .)
 *(SORT_BY_NAME(.fini_array.*))
 *(.fini_array*)
 .fini_array    0x000000000800d1dc        0x4 c:/programfiles/stm32cubeide_1.0.1/stm32cubeide/plugins/com.st.stm32cube.ide.mcu.externaltools.gnu-tools-for-stm32.7-2018-q2-update.win32_1.0.0.201904181610/tools/bin/../lib/gcc/arm-none-eabi/7.3.1/thumb/v7e-m/fpv4-sp/hard/crtbegin.o
                [!provide]                        PROVIDE (__fini_array_end = .)
                0x000000000800d1e0                . = ALIGN (0x4)
                0x000000000800d1e0                _sidata = LOADADDR (.data)

.data           0x0000000020000000       0xd4 load address 0x000000000800d1e0
                0x0000000020000000                . = ALIGN (0x4)
                0x0000000020000000                _sdata = .
 *(.data)
 *(.data*)
 .data.mb0.6426
                0x0000000020000000        0x8 Core/Src/App/esc.o
 .data.mb1.6427
                0x0000000020000008        0x8 Core/Src/App/esc.o
 .data.mbboot0.6428
                0x0000000020000010        0x8 Core/Src/App/esc.o
 .data.mbboot1.6429
                0x0000000020000018        0x8 Core/Src/App/esc.o
 .data.lan9252  0x0000000020000020        0x4 Core/Src/App/esc_hw.o
 .data.config.10748
                0x0000000020000024       0x40 Core/Src/main.o
 .data.SystemCoreClock
                0x0000000020000064        0x4 Core/Src/system_stm32l4xx.o
                0x0000000020000064                SystemCoreClock
 .data.uwTickPrio
                0x0000000020000068        0x4 Drivers/STM32L4xx_HAL_Driver/Src/stm32l4xx_hal.o
                0x0000000020000068                uwTickPrio
 .data.uwTickFreq
                0x000000002000006c        0x4 Drivers/STM32L4xx_HAL_Driver/Src/stm32l4xx_hal.o
                0x000000002000006c                uwTickFreq
 .data._impure_ptr
                0x0000000020000070        0x4 c:/programfiles/stm32cubeide_1.0.1/stm32cubeide/plugins/com.st.stm32cube.ide.mcu.externaltools.gnu-tools-for-stm32.7-2018-q2-update.win32_1.0.0.201904181610/tools/bin/../lib/gcc/arm-none-eabi/7.3.1/../../../../arm-none-eabi/lib/thumb/v7e-m/fpv4-sp/hard\libc_nano.a(lib_a-impure.o)
                0x0000000020000070                _impure_ptr
 .data.impure_data
                0x0000000020000074       0x60 c:/programfiles/stm32cubeide_1.0.1/stm32cubeide/plugins/com.st.stm32cube.ide.mcu.externaltools.gnu-tools-for-stm32.7-2018-q2-update.win32_1.0.0.201904181610/tools/bin/../lib/gcc/arm-none-eabi/7.3.1/../../../../arm-none-eabi/lib/thumb/v7e-m/fpv4-sp/hard\libc_nano.a(lib_a-impure.o)
                0x00000000200000d4                . = ALIGN (0x4)
                0x00000000200000d4                _edata = .

.igot.plt       0x00000000200000d4        0x0 load address 0x000000000800d2b4
 .igot.plt      0x00000000200000d4        0x0 c:/programfiles/stm32cubeide_1.0.1/stm32cubeide/plugins/com.st.stm32cube.ide.mcu.externaltools.gnu-tools-for-stm32.7-2018-q2-update.win32_1.0.0.201904181610/tools/bin/../lib/gcc/arm-none-eabi/7.3.1/thumb/v7e-m/fpv4-sp/hard/crtbegin.o
                0x00000000200000d4                . = ALIGN (0x4)

.bss            0x00000000200000d8      0x92c load address 0x000000000800d2b4
                0x00000000200000d8                _sbss = .
                0x00000000200000d8                __bss_start__ = _sbss
 *(.bss)
 .bss           0x00000000200000d8       0x1c c:/programfiles/stm32cubeide_1.0.1/stm32cubeide/plugins/com.st.stm32cube.ide.mcu.externaltools.gnu-tools-for-stm32.7-2018-q2-update.win32_1.0.0.201904181610/tools/bin/../lib/gcc/arm-none-eabi/7.3.1/thumb/v7e-m/fpv4-sp/hard/crtbegin.o
 *(.bss*)
 .bss.watchdog  0x00000000200000f4        0x4 Core/Src/App/ecat_slv.o
 .bss.rxpdo     0x00000000200000f8       0x2a Core/Src/App/ecat_slv.o
 *fill*         0x0000000020000122        0x6 
 .bss.txpdo     0x0000000020000128       0x2a Core/Src/App/ecat_slv.o
 .bss.Motorstatus
                0x0000000020000152        0x1 Core/Src/main.o
                0x0000000020000152                Motorstatus
 *fill*         0x0000000020000153        0x1 
 .bss.Pwmduty   0x0000000020000154        0x4 Core/Src/main.o
                0x0000000020000154                Pwmduty
 .bss.heap_end.6424
                0x0000000020000158        0x4 Core/Src/sysmem.o
 .bss.__malloc_free_list
                0x000000002000015c        0x4 c:/programfiles/stm32cubeide_1.0.1/stm32cubeide/plugins/com.st.stm32cube.ide.mcu.externaltools.gnu-tools-for-stm32.7-2018-q2-update.win32_1.0.0.201904181610/tools/bin/../lib/gcc/arm-none-eabi/7.3.1/../../../../arm-none-eabi/lib/thumb/v7e-m/fpv4-sp/hard\libc_nano.a(lib_a-nano-mallocr.o)
                0x000000002000015c                __malloc_free_list
 .bss.__malloc_sbrk_start
                0x0000000020000160        0x4 c:/programfiles/stm32cubeide_1.0.1/stm32cubeide/plugins/com.st.stm32cube.ide.mcu.externaltools.gnu-tools-for-stm32.7-2018-q2-update.win32_1.0.0.201904181610/tools/bin/../lib/gcc/arm-none-eabi/7.3.1/../../../../arm-none-eabi/lib/thumb/v7e-m/fpv4-sp/hard\libc_nano.a(lib_a-nano-mallocr.o)
                0x0000000020000160                __malloc_sbrk_start
 *(COMMON)
 COMMON         0x0000000020000164      0x2bf Core/Src/App/ecat_slv.o
                0x0000000020000164                ESCvar
                0x0000000020000230                MBX
                0x00000000200003b0                SMmap2
                0x00000000200003e8                SMmap3
                0x0000000020000420                MBXcontrol
 *fill*         0x0000000020000423        0x1 
 COMMON         0x0000000020000424      0x5d8 Core/Src/main.o
                0x0000000020000424                huart3